Jan 26 10:07:51 moe kernel: Linux version 6.7.0-arch3-1 (linux@archlinux) (gcc (GCC) 13.2.1 20230801, GNU ld (GNU Binutils) 2.41.0) #1 SMP PREEMPT_DYNAMIC Sat, 13 Jan 2024 14:37:14 +0000
Jan 26 10:07:51 moe kernel: Command line: BOOT_IMAGE=/vmlinuz-linux root=UUID=fb0e41e6-7e74-4d61-bbb3-f3ffea04c946 rw loglevel=3 quiet
Jan 26 10:07:51 moe kernel: BIOS-provided physical RAM map:
Jan 26 10:07:51 moe kernel: BIOS-e820: [mem 0x0000000000000000-0x000000000009ffff] usable
Jan 26 10:07:51 moe kernel: BIOS-e820: [mem 0x0000000000100000-0x000000005c0f9fff] usable
Jan 26 10:07:51 moe kernel: BIOS-e820: [mem 0x000000005c0fa000-0x000000005c129fff] reserved
Jan 26 10:07:51 moe kernel: BIOS-e820: [mem 0x000000005c12a000-0x000000005c139fff] ACPI data
Jan 26 10:07:51 moe kernel: BIOS-e820: [mem 0x000000005c13a000-0x000000005cc48fff] ACPI NVS
Jan 26 10:07:51 moe kernel: BIOS-e820: [mem 0x000000005cc49000-0x000000005d9c1fff] reserved
Jan 26 10:07:51 moe kernel: BIOS-e820: [mem 0x000000005d9c2000-0x000000005d9c2fff] usable
Jan 26 10:07:51 moe kernel: BIOS-e820: [mem 0x000000005d9c3000-0x000000005d9cafff] ACPI NVS
Jan 26 10:07:51 moe kernel: BIOS-e820: [mem 0x000000005d9cb000-0x000000005db1dfff] usable
Jan 26 10:07:51 moe kernel: BIOS-e820: [mem 0x000000005db1e000-0x000000005e040fff] reserved
Jan 26 10:07:51 moe kernel: BIOS-e820: [mem 0x000000005e041000-0x000000005e080fff] usable
Jan 26 10:07:51 moe kernel: BIOS-e820: [mem 0x000000005e081000-0x000000005e3f1fff] reserved
Jan 26 10:07:51 moe kernel: BIOS-e820: [mem 0x000000005e3f2000-0x000000005e3fffff] usable
Jan 26 10:07:51 moe kernel: BIOS-e820: [mem 0x00000000fec00000-0x00000000fec01fff] reserved
Jan 26 10:07:51 moe kernel: BIOS-e820: [mem 0x00000000fec10000-0x00000000fec10fff] reserved
Jan 26 10:07:51 moe kernel: BIOS-e820: [mem 0x00000000fed00000-0x00000000fed00fff] reserved
Jan 26 10:07:51 moe kernel: BIOS-e820: [mem 0x00000000fed80000-0x00000000fed8ffff] reserved
Jan 26 10:07:51 moe kernel: BIOS-e820: [mem 0x00000000ff000000-0x00000000ffffffff] reserved
Jan 26 10:07:51 moe kernel: NX (Execute Disable) protection: active
Jan 26 10:07:51 moe kernel: APIC: Static calls initialized
Jan 26 10:07:51 moe kernel: e820: update [mem 0x48220018-0x4822ea57] usable ==> usable
Jan 26 10:07:51 moe kernel: e820: update [mem 0x48220018-0x4822ea57] usable ==> usable
Jan 26 10:07:51 moe kernel: extended physical RAM map:
Jan 26 10:07:51 moe kernel: reserve setup_data: [mem 0x0000000000000000-0x000000000009ffff] usable
Jan 26 10:07:51 moe kernel: reserve setup_data: [mem 0x0000000000100000-0x0000000048220017] usable
Jan 26 10:07:51 moe kernel: reserve setup_data: [mem 0x0000000048220018-0x000000004822ea57] usable
Jan 26 10:07:51 moe kernel: reserve setup_data: [mem 0x000000004822ea58-0x000000005c0f9fff] usable
Jan 26 10:07:51 moe kernel: reserve setup_data: [mem 0x000000005c0fa000-0x000000005c129fff] reserved
Jan 26 10:07:51 moe kernel: reserve setup_data: [mem 0x000000005c12a000-0x000000005c139fff] ACPI data
Jan 26 10:07:51 moe kernel: reserve setup_data: [mem 0x000000005c13a000-0x000000005cc48fff] ACPI NVS
Jan 26 10:07:51 moe kernel: reserve setup_data: [mem 0x000000005cc49000-0x000000005d9c1fff] reserved
Jan 26 10:07:51 moe kernel: reserve setup_data: [mem 0x000000005d9c2000-0x000000005d9c2fff] usable
Jan 26 10:07:51 moe kernel: reserve setup_data: [mem 0x000000005d9c3000-0x000000005d9cafff] ACPI NVS
Jan 26 10:07:51 moe kernel: reserve setup_data: [mem 0x000000005d9cb000-0x000000005db1dfff] usable
Jan 26 10:07:51 moe kernel: reserve setup_data: [mem 0x000000005db1e000-0x000000005e040fff] reserved
Jan 26 10:07:51 moe kernel: reserve setup_data: [mem 0x000000005e041000-0x000000005e080fff] usable
Jan 26 10:07:51 moe kernel: reserve setup_data: [mem 0x000000005e081000-0x000000005e3f1fff] reserved
Jan 26 10:07:51 moe kernel: reserve setup_data: [mem 0x000000005e3f2000-0x000000005e3fffff] usable
Jan 26 10:07:51 moe kernel: reserve setup_data: [mem 0x00000000fec00000-0x00000000fec01fff] reserved
Jan 26 10:07:51 moe kernel: reserve setup_data: [mem 0x00000000fec10000-0x00000000fec10fff] reserved
Jan 26 10:07:51 moe kernel: reserve setup_data: [mem 0x00000000fed00000-0x00000000fed00fff] reserved
Jan 26 10:07:51 moe kernel: reserve setup_data: [mem 0x00000000fed80000-0x00000000fed8ffff] reserved
Jan 26 10:07:51 moe kernel: reserve setup_data: [mem 0x00000000ff000000-0x00000000ffffffff] reserved
Jan 26 10:07:51 moe kernel: efi: EFI v2.3.1 by American Megatrends
Jan 26 10:07:51 moe kernel: efi: ACPI=0x5c3e6000 ACPI 2.0=0x5c3e6000 SMBIOS=0x5d94f998 INITRD=0x4dd9ee18 
Jan 26 10:07:51 moe kernel: efi: Not removing mem47: MMIO range=[0xfec00000-0xfec00fff] (4KB) from e820 map
Jan 26 10:07:51 moe kernel: efi: Not removing mem48: MMIO range=[0xfec01000-0xfec01fff] (4KB) from e820 map
Jan 26 10:07:51 moe kernel: efi: Not removing mem49: MMIO range=[0xfec10000-0xfec10fff] (4KB) from e820 map
Jan 26 10:07:51 moe kernel: efi: Not removing mem50: MMIO range=[0xfed00000-0xfed00fff] (4KB) from e820 map
Jan 26 10:07:51 moe kernel: efi: Not removing mem51: MMIO range=[0xfed80000-0xfed80fff] (4KB) from e820 map
Jan 26 10:07:51 moe kernel: efi: Not removing mem52: MMIO range=[0xfed81000-0xfed8ffff] (60KB) from e820 map
Jan 26 10:07:51 moe kernel: efi: Remove mem53: MMIO range=[0xff000000-0xffffffff] (16MB) from e820 map
Jan 26 10:07:51 moe kernel: e820: remove [mem 0xff000000-0xffffffff] reserved
Jan 26 10:07:51 moe kernel: SMBIOS 2.7 present.
Jan 26 10:07:51 moe kernel: DMI: ASUSTeK COMPUTER INC. X102BA/X102BA, BIOS X102BA.219 12/31/2013
Jan 26 10:07:51 moe kernel: tsc: Fast TSC calibration using PIT
Jan 26 10:07:51 moe kernel: tsc: Detected 998.124 MHz processor
Jan 26 10:07:51 moe kernel: e820: update [mem 0x00000000-0x00000fff] usable ==> reserved
Jan 26 10:07:51 moe kernel: e820: remove [mem 0x000a0000-0x000fffff] usable
Jan 26 10:07:51 moe kernel: last_pfn = 0x5e400 max_arch_pfn = 0x400000000
Jan 26 10:07:51 moe kernel: total RAM covered: 1508M
Jan 26 10:07:51 moe kernel: Found optimal setting for mtrr clean up
Jan 26 10:07:51 moe kernel:  gran_size: 64K         chunk_size: 32M         num_reg: 5          lose cover RAM: 0G
Jan 26 10:07:51 moe kernel: MTRR map: 6 entries (4 fixed + 2 variable; max 20), built from 8 variable MTRRs
Jan 26 10:07:51 moe kernel: x86/PAT: Configuration [0-7]: WB  WC  UC- UC  WB  WP  UC- WT  
Jan 26 10:07:51 moe kernel: Using GB pages for direct mapping
Jan 26 10:07:51 moe kernel: Secure boot disabled
Jan 26 10:07:51 moe kernel: RAMDISK: [mem 0x4822f000-0x4a471fff]
Jan 26 10:07:51 moe kernel: ACPI: Early table checksum verification disabled
Jan 26 10:07:51 moe kernel: ACPI: RSDP 0x000000005C3E6000 000024 (v02 _ASUS_)
Jan 26 10:07:51 moe kernel: ACPI: XSDT 0x000000005C3E6088 000094 (v01 _ASUS_ Notebook 01072009 AMI  00010013)
Jan 26 10:07:51 moe kernel: ACPI: FACP 0x000000005C3F3748 00010C (v05 _ASUS_ Notebook 01072009 AMI  00010013)
Jan 26 10:07:51 moe kernel: ACPI BIOS Warning (bug): Optional FADT field Pm2ControlBlock has valid Length but zero Address: 0x0000000000000000/0x1 (20230628/tbfadt-615)
Jan 26 10:07:51 moe kernel: ACPI: DSDT 0x000000005C3E61A8 00D5A0 (v02 _ASUS_ Notebook 00000000 INTL 20091112)
Jan 26 10:07:51 moe kernel: ACPI: FACS 0x000000005CC3D080 000040
Jan 26 10:07:51 moe kernel: ACPI: APIC 0x000000005C3F3858 00007E (v03 _ASUS_ Notebook 01072009 AMI  00010013)
Jan 26 10:07:51 moe kernel: ACPI: FPDT 0x000000005C3F38D8 000044 (v01 _ASUS_ Notebook 01072009 AMI  00010013)
Jan 26 10:07:51 moe kernel: ACPI: ECDT 0x000000005C3F3920 0000C1 (v01 _ASUS_ Notebook 01072009 AMI. 00000005)
Jan 26 10:07:51 moe kernel: ACPI: MCFG 0x000000005C3F39E8 00003C (v01 _ASUS_ Notebook 01072009 MSFT 00010013)
Jan 26 10:07:51 moe kernel: ACPI: HPET 0x000000005C3F3A28 000038 (v01 _ASUS_ Notebook 01072009 AMI  00000005)
Jan 26 10:07:51 moe kernel: ACPI: VFCT 0x000000005C3F3A60 004684 (v01 _ASUS_ Notebook 00000001 AMD  31504F47)
Jan 26 10:07:51 moe kernel: ACPI: BGRT 0x000000005C3F80E8 000038 (v00 _ASUS_ Notebook 01072009 ASUS 00010013)
Jan 26 10:07:51 moe kernel: ACPI: SSDT 0x000000005C3F8120 0005E0 (v01 AMD    AGESA    00000001 AMD  00000001)
Jan 26 10:07:51 moe kernel: ACPI: SSDT 0x000000005C3F8700 0046D1 (v02 AMD    AGESA    00000002 MSFT 04000000)
Jan 26 10:07:51 moe kernel: ACPI: CRAT 0x000000005C3FCDD8 000200 (v01 AMD    AGESA    00000001 AMD  00000001)
Jan 26 10:07:51 moe kernel: ACPI: SSDT 0x000000005C3FCFD8 001411 (v01 AMD    CPMDFIGP 00000001 INTL 20051117)
Jan 26 10:07:51 moe kernel: ACPI: SSDT 0x000000005C3FE3F0 0010E8 (v01 AMD    CPMCMN   00000001 INTL 20051117)
Jan 26 10:07:51 moe kernel: ACPI: MSDM 0x000000005C129F98 000055 (v03 _ASUS_ Notebook 00000000 ASUS 00000001)
Jan 26 10:07:51 moe kernel: ACPI: Reserving FACP table memory at [mem 0x5c3f3748-0x5c3f3853]
Jan 26 10:07:51 moe kernel: ACPI: Reserving DSDT table memory at [mem 0x5c3e61a8-0x5c3f3747]
Jan 26 10:07:51 moe kernel: ACPI: Reserving FACS table memory at [mem 0x5cc3d080-0x5cc3d0bf]
Jan 26 10:07:51 moe kernel: ACPI: Reserving APIC table memory at [mem 0x5c3f3858-0x5c3f38d5]
Jan 26 10:07:51 moe kernel: ACPI: Reserving FPDT table memory at [mem 0x5c3f38d8-0x5c3f391b]
Jan 26 10:07:51 moe kernel: ACPI: Reserving ECDT table memory at [mem 0x5c3f3920-0x5c3f39e0]
Jan 26 10:07:51 moe kernel: ACPI: Reserving MCFG table memory at [mem 0x5c3f39e8-0x5c3f3a23]
Jan 26 10:07:51 moe kernel: ACPI: Reserving HPET table memory at [mem 0x5c3f3a28-0x5c3f3a5f]
Jan 26 10:07:51 moe kernel: ACPI: Reserving VFCT table memory at [mem 0x5c3f3a60-0x5c3f80e3]
Jan 26 10:07:51 moe kernel: ACPI: Reserving BGRT table memory at [mem 0x5c3f80e8-0x5c3f811f]
Jan 26 10:07:51 moe kernel: ACPI: Reserving SSDT table memory at [mem 0x5c3f8120-0x5c3f86ff]
Jan 26 10:07:51 moe kernel: ACPI: Reserving SSDT table memory at [mem 0x5c3f8700-0x5c3fcdd0]
Jan 26 10:07:51 moe kernel: ACPI: Reserving CRAT table memory at [mem 0x5c3fcdd8-0x5c3fcfd7]
Jan 26 10:07:51 moe kernel: ACPI: Reserving SSDT table memory at [mem 0x5c3fcfd8-0x5c3fe3e8]
Jan 26 10:07:51 moe kernel: ACPI: Reserving SSDT table memory at [mem 0x5c3fe3f0-0x5c3ff4d7]
Jan 26 10:07:51 moe kernel: ACPI: Reserving MSDM table memory at [mem 0x5c129f98-0x5c129fec]
Jan 26 10:07:51 moe kernel: No NUMA configuration found
Jan 26 10:07:51 moe kernel: Faking a node at [mem 0x0000000000000000-0x000000005e3fffff]
Jan 26 10:07:51 moe kernel: NODE_DATA(0) allocated [mem 0x5be93000-0x5be97fff]
Jan 26 10:07:51 moe kernel: Zone ranges:
Jan 26 10:07:51 moe kernel:   DMA      [mem 0x0000000000001000-0x0000000000ffffff]
Jan 26 10:07:51 moe kernel:   DMA32    [mem 0x0000000001000000-0x000000005e3fffff]
Jan 26 10:07:51 moe kernel:   Normal   empty
Jan 26 10:07:51 moe kernel:   Device   empty
Jan 26 10:07:51 moe kernel: Movable zone start for each node
Jan 26 10:07:51 moe kernel: Early memory node ranges
Jan 26 10:07:51 moe kernel:   node   0: [mem 0x0000000000001000-0x000000000009ffff]
Jan 26 10:07:51 moe kernel:   node   0: [mem 0x0000000000100000-0x000000005c0f9fff]
Jan 26 10:07:51 moe kernel:   node   0: [mem 0x000000005d9c2000-0x000000005d9c2fff]
Jan 26 10:07:51 moe kernel:   node   0: [mem 0x000000005d9cb000-0x000000005db1dfff]
Jan 26 10:07:51 moe kernel:   node   0: [mem 0x000000005e041000-0x000000005e080fff]
Jan 26 10:07:51 moe kernel:   node   0: [mem 0x000000005e3f2000-0x000000005e3fffff]
Jan 26 10:07:51 moe kernel: Initmem setup node 0 [mem 0x0000000000001000-0x000000005e3fffff]
Jan 26 10:07:51 moe kernel: On node 0, zone DMA: 1 pages in unavailable ranges
Jan 26 10:07:51 moe kernel: On node 0, zone DMA: 96 pages in unavailable ranges
Jan 26 10:07:51 moe kernel: On node 0, zone DMA32: 6344 pages in unavailable ranges
Jan 26 10:07:51 moe kernel: On node 0, zone DMA32: 8 pages in unavailable ranges
Jan 26 10:07:51 moe kernel: On node 0, zone DMA32: 1315 pages in unavailable ranges
Jan 26 10:07:51 moe kernel: On node 0, zone DMA32: 881 pages in unavailable ranges
Jan 26 10:07:51 moe kernel: On node 0, zone DMA32: 7168 pages in unavailable ranges
Jan 26 10:07:51 moe kernel: ACPI: PM-Timer IO Port: 0x808
Jan 26 10:07:51 moe kernel: ACPI: LAPIC_NMI (acpi_id[0xff] high edge lint[0x1])
Jan 26 10:07:51 moe kernel: IOAPIC[0]: apic_id 3, version 33, address 0xfec00000, GSI 0-23
Jan 26 10:07:51 moe kernel: IOAPIC[1]: apic_id 4, version 33, address 0xfec01000, GSI 24-55
Jan 26 10:07:51 moe kernel: ACPI: INT_SRC_OVR (bus 0 bus_irq 0 global_irq 2 dfl dfl)
Jan 26 10:07:51 moe kernel: ACPI: INT_SRC_OVR (bus 0 bus_irq 9 global_irq 9 low level)
Jan 26 10:07:51 moe kernel: ACPI: Using ACPI (MADT) for SMP configuration information
Jan 26 10:07:51 moe kernel: ACPI: HPET id: 0x10228210 base: 0xfed00000
Jan 26 10:07:51 moe kernel: e820: update [mem 0x5aa2a000-0x5aa3efff] usable ==> reserved
Jan 26 10:07:51 moe kernel: smpboot: Allowing 4 CPUs, 2 hotplug CPUs
Jan 26 10:07:51 moe kernel: PM: hibernation: Registered nosave memory: [mem 0x00000000-0x00000fff]
Jan 26 10:07:51 moe kernel: PM: hibernation: Registered nosave memory: [mem 0x000a0000-0x000fffff]
Jan 26 10:07:51 moe kernel: PM: hibernation: Registered nosave memory: [mem 0x48220000-0x48220fff]
Jan 26 10:07:51 moe kernel: PM: hibernation: Registered nosave memory: [mem 0x4822e000-0x4822efff]
Jan 26 10:07:51 moe kernel: PM: hibernation: Registered nosave memory: [mem 0x5aa2a000-0x5aa3efff]
Jan 26 10:07:51 moe kernel: PM: hibernation: Registered nosave memory: [mem 0x5c0fa000-0x5c129fff]
Jan 26 10:07:51 moe kernel: PM: hibernation: Registered nosave memory: [mem 0x5c12a000-0x5c139fff]
Jan 26 10:07:51 moe kernel: PM: hibernation: Registered nosave memory: [mem 0x5c13a000-0x5cc48fff]
Jan 26 10:07:51 moe kernel: PM: hibernation: Registered nosave memory: [mem 0x5cc49000-0x5d9c1fff]
Jan 26 10:07:51 moe kernel: PM: hibernation: Registered nosave memory: [mem 0x5d9c3000-0x5d9cafff]
Jan 26 10:07:51 moe kernel: PM: hibernation: Registered nosave memory: [mem 0x5db1e000-0x5e040fff]
Jan 26 10:07:51 moe kernel: PM: hibernation: Registered nosave memory: [mem 0x5e081000-0x5e3f1fff]
Jan 26 10:07:51 moe kernel: [mem 0x5e400000-0xfebfffff] available for PCI devices
Jan 26 10:07:51 moe kernel: Booting paravirtualized kernel on bare hardware
Jan 26 10:07:51 moe kernel: clocksource: refined-jiffies: mask: 0xffffffff max_cycles: 0xffffffff, max_idle_ns: 6370452778343963 ns
Jan 26 10:07:51 moe kernel: setup_percpu: NR_CPUS:320 nr_cpumask_bits:4 nr_cpu_ids:4 nr_node_ids:1
Jan 26 10:07:51 moe kernel: percpu: Embedded 64 pages/cpu s225280 r8192 d28672 u524288
Jan 26 10:07:51 moe kernel: pcpu-alloc: s225280 r8192 d28672 u524288 alloc=1*2097152
Jan 26 10:07:51 moe kernel: pcpu-alloc: [0] 0 1 2 3 
Jan 26 10:07:51 moe kernel: Kernel command line: BOOT_IMAGE=/vmlinuz-linux root=UUID=fb0e41e6-7e74-4d61-bbb3-f3ffea04c946 rw loglevel=3 quiet
Jan 26 10:07:51 moe kernel: Unknown kernel command line parameters "BOOT_IMAGE=/vmlinuz-linux", will be passed to user space.
Jan 26 10:07:51 moe kernel: Dentry cache hash table entries: 262144 (order: 9, 2097152 bytes, linear)
Jan 26 10:07:51 moe kernel: Inode-cache hash table entries: 131072 (order: 8, 1048576 bytes, linear)
Jan 26 10:07:51 moe kernel: Fallback order for Node 0: 0 
Jan 26 10:07:51 moe kernel: Built 1 zonelists, mobility grouping on.  Total pages: 371212
Jan 26 10:07:51 moe kernel: Policy zone: DMA32
Jan 26 10:07:51 moe kernel: mem auto-init: stack:all(zero), heap alloc:on, heap free:off
Jan 26 10:07:51 moe kernel: Memory: 1372580K/1509612K available (16384K kernel code, 2141K rwdata, 13228K rodata, 3436K init, 3760K bss, 136772K reserved, 0K cma-reserved)
Jan 26 10:07:51 moe kernel: SLUB: HWalign=64, Order=0-3, MinObjects=0, CPUs=4, Nodes=1
Jan 26 10:07:51 moe kernel: ftrace: allocating 49247 entries in 193 pages
Jan 26 10:07:51 moe kernel: ftrace: allocated 193 pages with 3 groups
Jan 26 10:07:51 moe kernel: Dynamic Preempt: full
Jan 26 10:07:51 moe kernel: rcu: Preemptible hierarchical RCU implementation.
Jan 26 10:07:51 moe kernel: rcu:         RCU restricting CPUs from NR_CPUS=320 to nr_cpu_ids=4.
Jan 26 10:07:51 moe kernel: rcu:         RCU priority boosting: priority 1 delay 500 ms.
Jan 26 10:07:51 moe kernel:         Trampoline variant of Tasks RCU enabled.
Jan 26 10:07:51 moe kernel:         Rude variant of Tasks RCU enabled.
Jan 26 10:07:51 moe kernel:         Tracing variant of Tasks RCU enabled.
Jan 26 10:07:51 moe kernel: rcu: RCU calculated value of scheduler-enlistment delay is 30 jiffies.
Jan 26 10:07:51 moe kernel: rcu: Adjusting geometry for rcu_fanout_leaf=16, nr_cpu_ids=4
Jan 26 10:07:51 moe kernel: NR_IRQS: 20736, nr_irqs: 1000, preallocated irqs: 16
Jan 26 10:07:51 moe kernel: rcu: srcu_init: Setting srcu_struct sizes based on contention.
Jan 26 10:07:51 moe kernel: kfence: initialized - using 2097152 bytes for 255 objects at 0x(____ptrval____)-0x(____ptrval____)
Jan 26 10:07:51 moe kernel: Console: colour dummy device 80x25
Jan 26 10:07:51 moe kernel: printk: legacy console [tty0] enabled
Jan 26 10:07:51 moe kernel: ACPI: Core revision 20230628
Jan 26 10:07:51 moe kernel: clocksource: hpet: mask: 0xffffffff max_cycles: 0xffffffff, max_idle_ns: 133484873504 ns
Jan 26 10:07:51 moe kernel: APIC: Switch to symmetric I/O mode setup
Jan 26 10:07:51 moe kernel: ..TIMER: vector=0x30 apic1=0 pin1=2 apic2=-1 pin2=-1
Jan 26 10:07:51 moe kernel: clocksource: tsc-early: mask: 0xffffffffffffffff max_cycles: 0x1cc655b66de, max_idle_ns: 881590457343 ns
Jan 26 10:07:51 moe kernel: Calibrating delay loop (skipped), value calculated using timer frequency.. 1997.42 BogoMIPS (lpj=3327080)
Jan 26 10:07:51 moe kernel: LVT offset 1 assigned for vector 0xf9
Jan 26 10:07:51 moe kernel: Last level iTLB entries: 4KB 512, 2MB 8, 4MB 4
Jan 26 10:07:51 moe kernel: Last level dTLB entries: 4KB 512, 2MB 256, 4MB 128, 1GB 0
Jan 26 10:07:51 moe kernel: Spectre V1 : Mitigation: usercopy/swapgs barriers and __user pointer sanitization
Jan 26 10:07:51 moe kernel: Spectre V2 : Mitigation: Retpolines
Jan 26 10:07:51 moe kernel: Spectre V2 : Spectre v2 / SpectreRSB mitigation: Filling RSB on context switch
Jan 26 10:07:51 moe kernel: Spectre V2 : Spectre v2 / SpectreRSB : Filling RSB on VMEXIT
Jan 26 10:07:51 moe kernel: RETBleed: Mitigation: untrained return thunk
Jan 26 10:07:51 moe kernel: Speculative Store Bypass: Mitigation: Speculative Store Bypass disabled via prctl
Jan 26 10:07:51 moe kernel: x86/fpu: Supporting XSAVE feature 0x001: 'x87 floating point registers'
Jan 26 10:07:51 moe kernel: x86/fpu: Supporting XSAVE feature 0x002: 'SSE registers'
Jan 26 10:07:51 moe kernel: x86/fpu: Supporting XSAVE feature 0x004: 'AVX registers'
Jan 26 10:07:51 moe kernel: x86/fpu: xstate_offset[2]:  576, xstate_sizes[2]:  256
Jan 26 10:07:51 moe kernel: x86/fpu: Enabled xstate features 0x7, context size is 832 bytes, using 'standard' format.
Jan 26 10:07:51 moe kernel: Freeing SMP alternatives memory: 40K
Jan 26 10:07:51 moe kernel: pid_max: default: 32768 minimum: 301
Jan 26 10:07:51 moe kernel: LSM: initializing lsm=capability,landlock,lockdown,yama,bpf,integrity
Jan 26 10:07:51 moe kernel: landlock: Up and running.
Jan 26 10:07:51 moe kernel: Yama: becoming mindful.
Jan 26 10:07:51 moe kernel: LSM support for eBPF active
Jan 26 10:07:51 moe kernel: Mount-cache hash table entries: 4096 (order: 3, 32768 bytes, linear)
Jan 26 10:07:51 moe kernel: Mountpoint-cache hash table entries: 4096 (order: 3, 32768 bytes, linear)
Jan 26 10:07:51 moe kernel: smpboot: CPU0: AMD A4-1200 APU with Radeon(TM) HD Graphics (family: 0x16, model: 0x0, stepping: 0x1)
Jan 26 10:07:51 moe kernel: RCU Tasks: Setting shift to 2 and lim to 1 rcu_task_cb_adjust=1.
Jan 26 10:07:51 moe kernel: RCU Tasks Rude: Setting shift to 2 and lim to 1 rcu_task_cb_adjust=1.
Jan 26 10:07:51 moe kernel: RCU Tasks Trace: Setting shift to 2 and lim to 1 rcu_task_cb_adjust=1.
Jan 26 10:07:51 moe kernel: Performance Events: AMD PMU driver.
Jan 26 10:07:51 moe kernel: ... version:                0
Jan 26 10:07:51 moe kernel: ... bit width:              48
Jan 26 10:07:51 moe kernel: ... generic registers:      4
Jan 26 10:07:51 moe kernel: ... value mask:             0000ffffffffffff
Jan 26 10:07:51 moe kernel: ... max period:             00007fffffffffff
Jan 26 10:07:51 moe kernel: ... fixed-purpose events:   0
Jan 26 10:07:51 moe kernel: ... event mask:             000000000000000f
Jan 26 10:07:51 moe kernel: signal: max sigframe size: 1776
Jan 26 10:07:51 moe kernel: rcu: Hierarchical SRCU implementation.
Jan 26 10:07:51 moe kernel: rcu:         Max phase no-delay instances is 1000.
Jan 26 10:07:51 moe kernel: NMI watchdog: Enabled. Permanently consumes one hw-PMU counter.
Jan 26 10:07:51 moe kernel: smp: Bringing up secondary CPUs ...
Jan 26 10:07:51 moe kernel: smpboot: x86: Booting SMP configuration:
Jan 26 10:07:51 moe kernel: .... node  #0, CPUs:      #1
Jan 26 10:07:51 moe kernel: smp: Brought up 1 node, 2 CPUs
Jan 26 10:07:51 moe kernel: smpboot: Max logical packages: 2
Jan 26 10:07:51 moe kernel: smpboot: Total of 2 processors activated (3994.85 BogoMIPS)
Jan 26 10:07:51 moe kernel: devtmpfs: initialized
Jan 26 10:07:51 moe kernel: x86/mm: Memory block size: 128MB
Jan 26 10:07:51 moe kernel: ACPI: PM: Registering ACPI NVS region [mem 0x5c13a000-0x5cc48fff] (11595776 bytes)
Jan 26 10:07:51 moe kernel: ACPI: PM: Registering ACPI NVS region [mem 0x5d9c3000-0x5d9cafff] (32768 bytes)
Jan 26 10:07:51 moe kernel: clocksource: jiffies: mask: 0xffffffff max_cycles: 0xffffffff, max_idle_ns: 6370867519511994 ns
Jan 26 10:07:51 moe kernel: futex hash table entries: 1024 (order: 4, 65536 bytes, linear)
Jan 26 10:07:51 moe kernel: pinctrl core: initialized pinctrl subsystem
Jan 26 10:07:51 moe kernel: PM: RTC time: 09:07:20, date: 2024-01-26
Jan 26 10:07:51 moe kernel: NET: Registered PF_NETLINK/PF_ROUTE protocol family
Jan 26 10:07:51 moe kernel: DMA: preallocated 256 KiB GFP_KERNEL pool for atomic allocations
Jan 26 10:07:51 moe kernel: DMA: preallocated 256 KiB GFP_KERNEL|GFP_DMA pool for atomic allocations
Jan 26 10:07:51 moe kernel: DMA: preallocated 256 KiB GFP_KERNEL|GFP_DMA32 pool for atomic allocations
Jan 26 10:07:51 moe kernel: audit: initializing netlink subsys (disabled)
Jan 26 10:07:51 moe kernel: audit: type=2000 audit(1706260039.253:1): state=initialized audit_enabled=0 res=1
Jan 26 10:07:51 moe kernel: thermal_sys: Registered thermal governor 'fair_share'
Jan 26 10:07:51 moe kernel: thermal_sys: Registered thermal governor 'bang_bang'
Jan 26 10:07:51 moe kernel: thermal_sys: Registered thermal governor 'step_wise'
Jan 26 10:07:51 moe kernel: thermal_sys: Registered thermal governor 'user_space'
Jan 26 10:07:51 moe kernel: thermal_sys: Registered thermal governor 'power_allocator'
Jan 26 10:07:51 moe kernel: cpuidle: using governor ladder
Jan 26 10:07:51 moe kernel: cpuidle: using governor menu
Jan 26 10:07:51 moe kernel: ACPI FADT declares the system doesn't support PCIe ASPM, so disable it
Jan 26 10:07:51 moe kernel: acpiphp: ACPI Hot Plug PCI Controller Driver version: 0.5
Jan 26 10:07:51 moe kernel: PCI: MMCONFIG for domain 0000 [bus 00-ff] at [mem 0xe0000000-0xefffffff] (base 0xe0000000)
Jan 26 10:07:51 moe kernel: PCI: not using MMCONFIG
Jan 26 10:07:51 moe kernel: PCI: Using configuration type 1 for base access
Jan 26 10:07:51 moe kernel: PCI: Using configuration type 1 for extended access
Jan 26 10:07:51 moe kernel: kprobes: kprobe jump-optimization is enabled. All kprobes are optimized if possible.
Jan 26 10:07:51 moe kernel: HugeTLB: registered 1.00 GiB page size, pre-allocated 0 pages
Jan 26 10:07:51 moe kernel: HugeTLB: 16380 KiB vmemmap can be freed for a 1.00 GiB page
Jan 26 10:07:51 moe kernel: HugeTLB: registered 2.00 MiB page size, pre-allocated 0 pages
Jan 26 10:07:51 moe kernel: HugeTLB: 28 KiB vmemmap can be freed for a 2.00 MiB page
Jan 26 10:07:51 moe kernel: ACPI: Added _OSI(Module Device)
Jan 26 10:07:51 moe kernel: ACPI: Added _OSI(Processor Device)
Jan 26 10:07:51 moe kernel: ACPI: Added _OSI(3.0 _SCP Extensions)
Jan 26 10:07:51 moe kernel: ACPI: Added _OSI(Processor Aggregator Device)
Jan 26 10:07:51 moe kernel: ACPI: 5 ACPI AML tables successfully acquired and loaded
Jan 26 10:07:51 moe kernel: ACPI: EC: EC started
Jan 26 10:07:51 moe kernel: ACPI: EC: interrupt blocked
Jan 26 10:07:51 moe kernel: ACPI: EC: EC_CMD/EC_SC=0x66, EC_DATA=0x62
Jan 26 10:07:51 moe kernel: ACPI: EC: Boot ECDT EC used to handle transactions
Jan 26 10:07:51 moe kernel: ACPI: [Firmware Bug]: BIOS _OSI(Linux) query ignored
Jan 26 10:07:51 moe kernel: ACPI: USB4 _OSC: OS supports USB3+ DisplayPort+ PCIe+ XDomain+
Jan 26 10:07:51 moe kernel: ACPI: USB4 _OSC: OS controls USB3+ DisplayPort+ PCIe+ XDomain+
Jan 26 10:07:51 moe kernel: ACPI: _OSC evaluation for CPUs failed, trying _PDC
Jan 26 10:07:51 moe kernel: ACPI: Interpreter enabled
Jan 26 10:07:51 moe kernel: ACPI: PM: (supports S0 S3 S4 S5)
Jan 26 10:07:51 moe kernel: ACPI: Using IOAPIC for interrupt routing
Jan 26 10:07:51 moe kernel: PCI: MMCONFIG for domain 0000 [bus 00-ff] at [mem 0xe0000000-0xefffffff] (base 0xe0000000)
Jan 26 10:07:51 moe kernel: PCI: MMCONFIG at [mem 0xe0000000-0xefffffff] reserved as ACPI motherboard resource
Jan 26 10:07:51 moe kernel: PCI: Using host bridge windows from ACPI; if necessary, use "pci=nocrs" and report a bug
Jan 26 10:07:51 moe kernel: PCI: Using E820 reservations for host bridge windows
Jan 26 10:07:51 moe kernel: ACPI: Enabled 3 GPEs in block 00 to 1F
Jan 26 10:07:51 moe kernel: ACPI: PCI Root Bridge [PCI0] (domain 0000 [bus 00-ff])
Jan 26 10:07:51 moe kernel: acpi PNP0A08:00: _OSC: OS supports [ExtendedConfig ASPM ClockPM Segments MSI EDR HPX-Type3]
Jan 26 10:07:51 moe kernel: acpi PNP0A08:00: _OSC: platform does not support [SHPCHotplug LTR DPC]
Jan 26 10:07:51 moe kernel: acpi PNP0A08:00: _OSC: OS now controls [PCIeHotplug PME AER PCIeCapability]
Jan 26 10:07:51 moe kernel: acpi PNP0A08:00: FADT indicates ASPM is unsupported, using BIOS configuration
Jan 26 10:07:51 moe kernel: PCI host bridge to bus 0000:00
Jan 26 10:07:51 moe kernel: pci_bus 0000:00: root bus resource [io  0x0000-0x03af window]
Jan 26 10:07:51 moe kernel: pci_bus 0000:00: root bus resource [io  0x03e0-0x0cf7 window]
Jan 26 10:07:51 moe kernel: pci_bus 0000:00: root bus resource [io  0x03b0-0x03df window]
Jan 26 10:07:51 moe kernel: pci_bus 0000:00: root bus resource [io  0x0d00-0xffff window]
Jan 26 10:07:51 moe kernel: pci_bus 0000:00: root bus resource [mem 0x000a0000-0x000dffff window]
Jan 26 10:07:51 moe kernel: pci_bus 0000:00: root bus resource [mem 0x7f000000-0xffffffff window]
Jan 26 10:07:51 moe kernel: pci_bus 0000:00: root bus resource [bus 00-ff]
Jan 26 10:07:51 moe kernel: pci 0000:00:00.0: [1022:1536] type 00 class 0x060000
Jan 26 10:07:51 moe kernel: pci 0000:00:01.0: [1002:9839] type 00 class 0x030000
Jan 26 10:07:51 moe kernel: pci 0000:00:01.0: reg 0x10: [mem 0xc0000000-0xcfffffff 64bit pref]
Jan 26 10:07:51 moe kernel: pci 0000:00:01.0: reg 0x18: [mem 0xd0000000-0xd07fffff 64bit pref]
Jan 26 10:07:51 moe kernel: pci 0000:00:01.0: reg 0x20: [io  0xf000-0xf0ff]
Jan 26 10:07:51 moe kernel: pci 0000:00:01.0: reg 0x24: [mem 0xfeb00000-0xfeb3ffff]
Jan 26 10:07:51 moe kernel: pci 0000:00:01.0: reg 0x30: [mem 0xfeb40000-0xfeb5ffff pref]
Jan 26 10:07:51 moe kernel: pci 0000:00:01.0: enabling Extended Tags
Jan 26 10:07:51 moe kernel: pci 0000:00:01.0: BAR 0: assigned to efifb
Jan 26 10:07:51 moe kernel: pci 0000:00:01.0: Video device with shadowed ROM at [mem 0x000c0000-0x000dffff]
Jan 26 10:07:51 moe kernel: pci 0000:00:01.0: supports D1 D2
Jan 26 10:07:51 moe kernel: pci 0000:00:01.0: PME# supported from D1 D2 D3hot
Jan 26 10:07:51 moe kernel: pci 0000:00:01.1: [1002:9840] type 00 class 0x040300
Jan 26 10:07:51 moe kernel: pci 0000:00:01.1: reg 0x10: [mem 0xfeb64000-0xfeb67fff 64bit]
Jan 26 10:07:51 moe kernel: pci 0000:00:01.1: enabling Extended Tags
Jan 26 10:07:51 moe kernel: pci 0000:00:01.1: supports D1 D2
Jan 26 10:07:51 moe kernel: pci 0000:00:02.0: [1022:1538] type 00 class 0x060000
Jan 26 10:07:51 moe kernel: pci 0000:00:02.2: [1022:1439] type 01 class 0x060400
Jan 26 10:07:51 moe kernel: pci 0000:00:02.2: enabling Extended Tags
Jan 26 10:07:51 moe kernel: pci 0000:00:02.2: PME# supported from D0 D3hot D3cold
Jan 26 10:07:51 moe kernel: pci 0000:00:02.3: [1022:1439] type 01 class 0x060400
Jan 26 10:07:51 moe kernel: pci 0000:00:02.3: enabling Extended Tags
Jan 26 10:07:51 moe kernel: pci 0000:00:02.3: PME# supported from D0 D3hot D3cold
Jan 26 10:07:51 moe kernel: pci 0000:00:10.0: [1022:7814] type 00 class 0x0c0330
Jan 26 10:07:51 moe kernel: pci 0000:00:10.0: reg 0x10: [mem 0xfeb68000-0xfeb69fff 64bit]
Jan 26 10:07:51 moe kernel: pci 0000:00:10.0: PME# supported from D0 D3hot D3cold
Jan 26 10:07:51 moe kernel: pci 0000:00:11.0: [1022:7801] type 00 class 0x010601
Jan 26 10:07:51 moe kernel: pci 0000:00:11.0: reg 0x10: [io  0xf140-0xf147]
Jan 26 10:07:51 moe kernel: pci 0000:00:11.0: reg 0x14: [io  0xf130-0xf133]
Jan 26 10:07:51 moe kernel: pci 0000:00:11.0: reg 0x18: [io  0xf120-0xf127]
Jan 26 10:07:51 moe kernel: pci 0000:00:11.0: reg 0x1c: [io  0xf110-0xf113]
Jan 26 10:07:51 moe kernel: pci 0000:00:11.0: reg 0x20: [io  0xf100-0xf10f]
Jan 26 10:07:51 moe kernel: pci 0000:00:11.0: reg 0x24: [mem 0xfeb6f000-0xfeb6f3ff]
Jan 26 10:07:51 moe kernel: pci 0000:00:11.0: PME# supported from D3hot
Jan 26 10:07:51 moe kernel: pci 0000:00:12.0: [1022:7807] type 00 class 0x0c0310
Jan 26 10:07:51 moe kernel: pci 0000:00:12.0: reg 0x10: [mem 0xfeb6e000-0xfeb6efff]
Jan 26 10:07:51 moe kernel: pci 0000:00:12.2: [1022:7808] type 00 class 0x0c0320
Jan 26 10:07:51 moe kernel: pci 0000:00:12.2: reg 0x10: [mem 0xfeb6d000-0xfeb6d0ff]
Jan 26 10:07:51 moe kernel: pci 0000:00:12.2: supports D1 D2
Jan 26 10:07:51 moe kernel: pci 0000:00:12.2: PME# supported from D0 D1 D2 D3hot D3cold
Jan 26 10:07:51 moe kernel: pci 0000:00:13.0: [1022:7807] type 00 class 0x0c0310
Jan 26 10:07:51 moe kernel: pci 0000:00:13.0: reg 0x10: [mem 0xfeb6c000-0xfeb6cfff]
Jan 26 10:07:51 moe kernel: pci 0000:00:13.2: [1022:7808] type 00 class 0x0c0320
Jan 26 10:07:51 moe kernel: pci 0000:00:13.2: reg 0x10: [mem 0xfeb6b000-0xfeb6b0ff]
Jan 26 10:07:51 moe kernel: pci 0000:00:13.2: supports D1 D2
Jan 26 10:07:51 moe kernel: pci 0000:00:13.2: PME# supported from D0 D1 D2 D3hot D3cold
Jan 26 10:07:51 moe kernel: pci 0000:00:14.0: [1022:780b] type 00 class 0x0c0500
Jan 26 10:07:51 moe kernel: pci 0000:00:14.2: [1022:780d] type 00 class 0x040300
Jan 26 10:07:51 moe kernel: pci 0000:00:14.2: reg 0x10: [mem 0xfeb60000-0xfeb63fff 64bit]
Jan 26 10:07:51 moe kernel: pci 0000:00:14.2: PME# supported from D0 D3hot D3cold
Jan 26 10:07:51 moe kernel: pci 0000:00:14.3: [1022:780e] type 00 class 0x060100
Jan 26 10:07:51 moe kernel: pci 0000:00:14.7: [1022:7813] type 00 class 0x080501
Jan 26 10:07:51 moe kernel: pci 0000:00:14.7: reg 0x10: [mem 0xfeb6a000-0xfeb6a0ff 64bit]
Jan 26 10:07:51 moe kernel: pci 0000:00:18.0: [1022:1530] type 00 class 0x060000
Jan 26 10:07:51 moe kernel: pci 0000:00:18.1: [1022:1531] type 00 class 0x060000
Jan 26 10:07:51 moe kernel: pci 0000:00:18.2: [1022:1532] type 00 class 0x060000
Jan 26 10:07:51 moe kernel: pci 0000:00:18.3: [1022:1533] type 00 class 0x060000
Jan 26 10:07:51 moe kernel: pci 0000:00:18.4: [1022:1534] type 00 class 0x060000
Jan 26 10:07:51 moe kernel: pci 0000:00:18.5: [1022:1535] type 00 class 0x060000
Jan 26 10:07:51 moe kernel: pci 0000:01:00.0: [168c:0032] type 00 class 0x028000
Jan 26 10:07:51 moe kernel: pci 0000:01:00.0: reg 0x10: [mem 0xfea00000-0xfea7ffff 64bit]
Jan 26 10:07:51 moe kernel: pci 0000:01:00.0: reg 0x30: [mem 0xfea80000-0xfea8ffff pref]
Jan 26 10:07:51 moe kernel: pci 0000:01:00.0: supports D1 D2
Jan 26 10:07:51 moe kernel: pci 0000:01:00.0: PME# supported from D0 D1 D2 D3hot D3cold
Jan 26 10:07:51 moe kernel: pci 0000:00:02.2: PCI bridge to [bus 01]
Jan 26 10:07:51 moe kernel: pci 0000:00:02.2:   bridge window [mem 0xfea00000-0xfeafffff]
Jan 26 10:07:51 moe kernel: pci 0000:02:00.0: [10ec:8136] type 00 class 0x020000
Jan 26 10:07:51 moe kernel: pci 0000:02:00.0: reg 0x10: [io  0xe000-0xe0ff]
Jan 26 10:07:51 moe kernel: pci 0000:02:00.0: reg 0x18: [mem 0xd0804000-0xd0804fff 64bit pref]
Jan 26 10:07:51 moe kernel: pci 0000:02:00.0: reg 0x20: [mem 0xd0800000-0xd0803fff 64bit pref]
Jan 26 10:07:51 moe kernel: pci 0000:02:00.0: supports D1 D2
Jan 26 10:07:51 moe kernel: pci 0000:02:00.0: PME# supported from D0 D1 D2 D3hot D3cold
Jan 26 10:07:51 moe kernel: pci 0000:00:02.3: PCI bridge to [bus 02]
Jan 26 10:07:51 moe kernel: pci 0000:00:02.3:   bridge window [io  0xe000-0xefff]
Jan 26 10:07:51 moe kernel: pci 0000:00:02.3:   bridge window [mem 0xd0800000-0xd08fffff 64bit pref]
Jan 26 10:07:51 moe kernel: ACPI: PCI: Interrupt link LNKA configured for IRQ 0
Jan 26 10:07:51 moe kernel: ACPI: PCI: Interrupt link LNKB configured for IRQ 0
Jan 26 10:07:51 moe kernel: ACPI: PCI: Interrupt link LNKC configured for IRQ 0
Jan 26 10:07:51 moe kernel: ACPI: PCI: Interrupt link LNKD configured for IRQ 0
Jan 26 10:07:51 moe kernel: ACPI: PCI: Interrupt link LNKE configured for IRQ 0
Jan 26 10:07:51 moe kernel: ACPI: PCI: Interrupt link LNKF configured for IRQ 0
Jan 26 10:07:51 moe kernel: ACPI: PCI: Interrupt link LNKG configured for IRQ 0
Jan 26 10:07:51 moe kernel: ACPI: PCI: Interrupt link LNKH configured for IRQ 0
Jan 26 10:07:51 moe kernel: ACPI: EC: interrupt unblocked
Jan 26 10:07:51 moe kernel: ACPI: EC: event unblocked
Jan 26 10:07:51 moe kernel: ACPI: EC: EC_CMD/EC_SC=0x66, EC_DATA=0x62
Jan 26 10:07:51 moe kernel: ACPI: EC: GPE=0x3
Jan 26 10:07:51 moe kernel: ACPI: \_SB_.PCI0.SBRG.EC0_: Boot ECDT EC initialization complete
Jan 26 10:07:51 moe kernel: ACPI: \_SB_.PCI0.SBRG.EC0_: EC: Used to handle transactions and events
Jan 26 10:07:51 moe kernel: iommu: Default domain type: Translated
Jan 26 10:07:51 moe kernel: iommu: DMA domain TLB invalidation policy: lazy mode
Jan 26 10:07:51 moe kernel: SCSI subsystem initialized
Jan 26 10:07:51 moe kernel: libata version 3.00 loaded.
Jan 26 10:07:51 moe kernel: ACPI: bus type USB registered
Jan 26 10:07:51 moe kernel: usbcore: registered new interface driver usbfs
Jan 26 10:07:51 moe kernel: usbcore: registered new interface driver hub
Jan 26 10:07:51 moe kernel: usbcore: registered new device driver usb
Jan 26 10:07:51 moe kernel: pps_core: LinuxPPS API ver. 1 registered
Jan 26 10:07:51 moe kernel: pps_core: Software ver. 5.3.6 - Copyright 2005-2007 Rodolfo Giometti <giometti@linux.it>
Jan 26 10:07:51 moe kernel: PTP clock support registered
Jan 26 10:07:51 moe kernel: EDAC MC: Ver: 3.0.0
Jan 26 10:07:51 moe kernel: efivars: Registered efivars operations
Jan 26 10:07:51 moe kernel: NetLabel: Initializing
Jan 26 10:07:51 moe kernel: NetLabel:  domain hash size = 128
Jan 26 10:07:51 moe kernel: NetLabel:  protocols = UNLABELED CIPSOv4 CALIPSO
Jan 26 10:07:51 moe kernel: NetLabel:  unlabeled traffic allowed by default
Jan 26 10:07:51 moe kernel: mctp: management component transport protocol core
Jan 26 10:07:51 moe kernel: NET: Registered PF_MCTP protocol family
Jan 26 10:07:51 moe kernel: PCI: Using ACPI for IRQ routing
Jan 26 10:07:51 moe kernel: PCI: pci_cache_line_size set to 64 bytes
Jan 26 10:07:51 moe kernel: e820: reserve RAM buffer [mem 0x48220018-0x4bffffff]
Jan 26 10:07:51 moe kernel: e820: reserve RAM buffer [mem 0x5aa2a000-0x5bffffff]
Jan 26 10:07:51 moe kernel: e820: reserve RAM buffer [mem 0x5c0fa000-0x5fffffff]
Jan 26 10:07:51 moe kernel: e820: reserve RAM buffer [mem 0x5d9c3000-0x5fffffff]
Jan 26 10:07:51 moe kernel: e820: reserve RAM buffer [mem 0x5db1e000-0x5fffffff]
Jan 26 10:07:51 moe kernel: e820: reserve RAM buffer [mem 0x5e081000-0x5fffffff]
Jan 26 10:07:51 moe kernel: e820: reserve RAM buffer [mem 0x5e400000-0x5fffffff]
Jan 26 10:07:51 moe kernel: pci 0000:00:01.0: vgaarb: setting as boot VGA device
Jan 26 10:07:51 moe kernel: pci 0000:00:01.0: vgaarb: bridge control possible
Jan 26 10:07:51 moe kernel: pci 0000:00:01.0: vgaarb: VGA device added: decodes=io+mem,owns=io+mem,locks=none
Jan 26 10:07:51 moe kernel: vgaarb: loaded
Jan 26 10:07:51 moe kernel: hpet0: at MMIO 0xfed00000, IRQs 2, 8, 0
Jan 26 10:07:51 moe kernel: hpet0: 3 comparators, 32-bit 14.318180 MHz counter
Jan 26 10:07:51 moe kernel: clocksource: Switched to clocksource tsc-early
Jan 26 10:07:51 moe kernel: VFS: Disk quotas dquot_6.6.0
Jan 26 10:07:51 moe kernel: VFS: Dquot-cache hash table entries: 512 (order 0, 4096 bytes)
Jan 26 10:07:51 moe kernel: pnp: PnP ACPI init
Jan 26 10:07:51 moe kernel: system 00:00: [mem 0xe0000000-0xefffffff] has been reserved
Jan 26 10:07:51 moe kernel: system 00:01: [mem 0x5f000000-0x7effffff] could not be reserved
Jan 26 10:07:51 moe kernel: system 00:04: [io  0x04d0-0x04d1] has been reserved
Jan 26 10:07:51 moe kernel: system 00:07: [io  0x04d0-0x04d1] has been reserved
Jan 26 10:07:51 moe kernel: system 00:07: [io  0x040b] has been reserved
Jan 26 10:07:51 moe kernel: system 00:07: [io  0x04d6] has been reserved
Jan 26 10:07:51 moe kernel: system 00:07: [io  0x0c00-0x0c01] has been reserved
Jan 26 10:07:51 moe kernel: system 00:07: [io  0x0c14] has been reserved
Jan 26 10:07:51 moe kernel: system 00:07: [io  0x0c50-0x0c51] has been reserved
Jan 26 10:07:51 moe kernel: system 00:07: [io  0x0c52] has been reserved
Jan 26 10:07:51 moe kernel: system 00:07: [io  0x0c6c] has been reserved
Jan 26 10:07:52 moe kernel: system 00:07: [io  0x0c6f] has been reserved
Jan 26 10:07:52 moe kernel: system 00:07: [io  0x0cd0-0x0cd1] has been reserved
Jan 26 10:07:52 moe kernel: system 00:07: [io  0x0cd2-0x0cd3] has been reserved
Jan 26 10:07:52 moe kernel: system 00:07: [io  0x0cd4-0x0cd5] has been reserved
Jan 26 10:07:52 moe kernel: system 00:07: [io  0x0cd6-0x0cd7] has been reserved
Jan 26 10:07:52 moe kernel: system 00:07: [io  0x0cd8-0x0cdf] has been reserved
Jan 26 10:07:52 moe kernel: system 00:07: [io  0x0800-0x089f] has been reserved
Jan 26 10:07:52 moe kernel: system 00:07: [io  0x0900-0x090f] has been reserved
Jan 26 10:07:52 moe kernel: system 00:07: [io  0x0910-0x091f] has been reserved
Jan 26 10:07:52 moe kernel: system 00:07: [io  0xfe00-0xfefe] has been reserved
Jan 26 10:07:52 moe kernel: system 00:07: [mem 0xfec00000-0xfec00fff] could not be reserved
Jan 26 10:07:52 moe kernel: system 00:07: [mem 0xfee00000-0xfee00fff] has been reserved
Jan 26 10:07:52 moe kernel: system 00:07: [mem 0xfed80000-0xfed8ffff] has been reserved
Jan 26 10:07:52 moe kernel: system 00:07: [mem 0xfed61000-0xfed70fff] has been reserved
Jan 26 10:07:52 moe kernel: system 00:07: [mem 0xfec10000-0xfec10fff] has been reserved
Jan 26 10:07:52 moe kernel: system 00:07: [mem 0xfed00000-0xfed00fff] could not be reserved
Jan 26 10:07:52 moe kernel: system 00:07: [mem 0xff000000-0xffffffff] has been reserved
Jan 26 10:07:52 moe kernel: pnp: PnP ACPI: found 8 devices
Jan 26 10:07:52 moe kernel: clocksource: acpi_pm: mask: 0xffffff max_cycles: 0xffffff, max_idle_ns: 2085701024 ns
Jan 26 10:07:52 moe kernel: NET: Registered PF_INET protocol family
Jan 26 10:07:52 moe kernel: IP idents hash table entries: 32768 (order: 6, 262144 bytes, linear)
Jan 26 10:07:52 moe kernel: tcp_listen_portaddr_hash hash table entries: 1024 (order: 2, 16384 bytes, linear)
Jan 26 10:07:52 moe kernel: Table-perturb hash table entries: 65536 (order: 6, 262144 bytes, linear)
Jan 26 10:07:52 moe kernel: TCP established hash table entries: 16384 (order: 5, 131072 bytes, linear)
Jan 26 10:07:52 moe kernel: TCP bind hash table entries: 16384 (order: 7, 524288 bytes, linear)
Jan 26 10:07:52 moe kernel: TCP: Hash tables configured (established 16384 bind 16384)
Jan 26 10:07:52 moe kernel: MPTCP token hash table entries: 2048 (order: 3, 49152 bytes, linear)
Jan 26 10:07:52 moe kernel: UDP hash table entries: 1024 (order: 3, 32768 bytes, linear)
Jan 26 10:07:52 moe kernel: UDP-Lite hash table entries: 1024 (order: 3, 32768 bytes, linear)
Jan 26 10:07:52 moe kernel: NET: Registered PF_UNIX/PF_LOCAL protocol family
Jan 26 10:07:52 moe kernel: NET: Registered PF_XDP protocol family
Jan 26 10:07:52 moe kernel: pci 0000:00:02.2: PCI bridge to [bus 01]
Jan 26 10:07:52 moe kernel: pci 0000:00:02.2:   bridge window [mem 0xfea00000-0xfeafffff]
Jan 26 10:07:52 moe kernel: pci 0000:00:02.3: PCI bridge to [bus 02]
Jan 26 10:07:52 moe kernel: pci 0000:00:02.3:   bridge window [io  0xe000-0xefff]
Jan 26 10:07:52 moe kernel: pci 0000:00:02.3:   bridge window [mem 0xd0800000-0xd08fffff 64bit pref]
Jan 26 10:07:52 moe kernel: pci_bus 0000:00: resource 4 [io  0x0000-0x03af window]
Jan 26 10:07:52 moe kernel: pci_bus 0000:00: resource 5 [io  0x03e0-0x0cf7 window]
Jan 26 10:07:52 moe kernel: pci_bus 0000:00: resource 6 [io  0x03b0-0x03df window]
Jan 26 10:07:52 moe kernel: pci_bus 0000:00: resource 7 [io  0x0d00-0xffff window]
Jan 26 10:07:52 moe kernel: pci_bus 0000:00: resource 8 [mem 0x000a0000-0x000dffff window]
Jan 26 10:07:52 moe kernel: pci_bus 0000:00: resource 9 [mem 0x7f000000-0xffffffff window]
Jan 26 10:07:52 moe kernel: pci_bus 0000:01: resource 1 [mem 0xfea00000-0xfeafffff]
Jan 26 10:07:52 moe kernel: pci_bus 0000:02: resource 0 [io  0xe000-0xefff]
Jan 26 10:07:52 moe kernel: pci_bus 0000:02: resource 2 [mem 0xd0800000-0xd08fffff 64bit pref]
Jan 26 10:07:52 moe kernel: pci 0000:00:01.1: D0 power state depends on 0000:00:01.0
Jan 26 10:07:52 moe kernel: pci 0000:00:12.0: quirk_usb_early_handoff+0x0/0x7d0 took 27549 usecs
Jan 26 10:07:52 moe kernel: pci 0000:00:12.2: quirk_usb_early_handoff+0x0/0x7d0 took 16255 usecs
Jan 26 10:07:52 moe kernel: pci 0000:00:12.2: PME# does not work under D3, disabling it
Jan 26 10:07:52 moe kernel: pci 0000:00:13.0: quirk_usb_early_handoff+0x0/0x7d0 took 175750 usecs
Jan 26 10:07:52 moe kernel: pci 0000:00:13.2: quirk_usb_early_handoff+0x0/0x7d0 took 16216 usecs
Jan 26 10:07:52 moe kernel: pci 0000:00:13.2: PME# does not work under D3, disabling it
Jan 26 10:07:52 moe kernel: PCI: CLS 64 bytes, default 64
Jan 26 10:07:52 moe kernel: LVT offset 0 assigned for vector 0x400
Jan 26 10:07:52 moe kernel: perf: AMD IBS detected (0x000000ff)
Jan 26 10:07:52 moe kernel: Trying to unpack rootfs image as initramfs...
Jan 26 10:07:52 moe kernel: Initialise system trusted keyrings
Jan 26 10:07:52 moe kernel: Key type blacklist registered
Jan 26 10:07:52 moe kernel: workingset: timestamp_bits=41 max_order=19 bucket_order=0
Jan 26 10:07:52 moe kernel: zbud: loaded
Jan 26 10:07:52 moe kernel: integrity: Platform Keyring initialized
Jan 26 10:07:52 moe kernel: integrity: Machine keyring initialized
Jan 26 10:07:52 moe kernel: Key type asymmetric registered
Jan 26 10:07:52 moe kernel: Asymmetric key parser 'x509' registered
Jan 26 10:07:52 moe kernel: Block layer SCSI generic (bsg) driver version 0.4 loaded (major 242)
Jan 26 10:07:52 moe kernel: io scheduler mq-deadline registered
Jan 26 10:07:52 moe kernel: io scheduler kyber registered
Jan 26 10:07:52 moe kernel: io scheduler bfq registered
Jan 26 10:07:52 moe kernel: pcieport 0000:00:02.2: PME: Signaling with IRQ 25
Jan 26 10:07:52 moe kernel: pcieport 0000:00:02.3: PME: Signaling with IRQ 27
Jan 26 10:07:52 moe kernel: shpchp: Standard Hot Plug PCI Controller Driver version: 0.4
Jan 26 10:07:52 moe kernel: ACPI: AC: AC Adapter [AC0] (on-line)
Jan 26 10:07:52 moe kernel: input: Power Button as /devices/LNXSYSTM:00/LNXSYBUS:00/PNP0C0C:00/input/input0
Jan 26 10:07:52 moe kernel: ACPI: button: Power Button [PWRB]
Jan 26 10:07:52 moe kernel: input: Lid Switch as /devices/LNXSYSTM:00/LNXSYBUS:00/PNP0C0D:00/input/input1
Jan 26 10:07:52 moe kernel: ACPI: button: Lid Switch [LID]
Jan 26 10:07:52 moe kernel: input: Sleep Button as /devices/LNXSYSTM:00/LNXSYBUS:00/PNP0C0E:00/input/input2
Jan 26 10:07:52 moe kernel: ACPI: button: Sleep Button [SLPB]
Jan 26 10:07:52 moe kernel: input: Power Button as /devices/LNXSYSTM:00/LNXPWRBN:00/input/input3
Jan 26 10:07:52 moe kernel: ACPI: button: Power Button [PWRF]
Jan 26 10:07:52 moe kernel: ACPI: \_PR_.P000: Found 2 idle states
Jan 26 10:07:52 moe kernel: ACPI: \_PR_.P001: Found 2 idle states
Jan 26 10:07:52 moe kernel: thermal LNXTHERM:00: registered as thermal_zone0
Jan 26 10:07:52 moe kernel: ACPI: thermal: Thermal Zone [THRM] (59 C)
Jan 26 10:07:52 moe kernel: Serial: 8250/16550 driver, 32 ports, IRQ sharing enabled
Jan 26 10:07:52 moe kernel: Non-volatile memory driver v1.3
Jan 26 10:07:52 moe kernel: Linux agpgart interface v0.103
Jan 26 10:07:52 moe kernel: ACPI: bus type drm_connector registered
Jan 26 10:07:52 moe kernel: [drm] Initialized simpledrm 1.0.0 20200625 for simple-framebuffer.0 on minor 0
Jan 26 10:07:52 moe kernel: fbcon: Deferring console take-over
Jan 26 10:07:52 moe kernel: simple-framebuffer simple-framebuffer.0: [drm] fb0: simpledrmdrmfb frame buffer device
Jan 26 10:07:52 moe kernel: ahci 0000:00:11.0: version 3.0
Jan 26 10:07:52 moe kernel: ahci 0000:00:11.0: AHCI 0001.0300 32 slots 2 ports 6 Gbps 0x3 impl SATA mode
Jan 26 10:07:52 moe kernel: ahci 0000:00:11.0: flags: 64bit ncq sntf ilck pm led clo pmp pio slum part 
Jan 26 10:07:52 moe kernel: scsi host0: ahci
Jan 26 10:07:52 moe kernel: scsi host1: ahci
Jan 26 10:07:52 moe kernel: ata1: SATA max UDMA/133 abar m1024@0xfeb6f000 port 0xfeb6f100 irq 28 lpm-pol 0
Jan 26 10:07:52 moe kernel: ata2: SATA max UDMA/133 abar m1024@0xfeb6f000 port 0xfeb6f180 irq 28 lpm-pol 0
Jan 26 10:07:52 moe kernel: ehci-pci 0000:00:12.2: EHCI Host Controller
Jan 26 10:07:52 moe kernel: ehci-pci 0000:00:12.2: new USB bus registered, assigned bus number 1
Jan 26 10:07:52 moe kernel: ehci-pci 0000:00:12.2: applying AMD SB700/SB800/Hudson-2/3 EHCI dummy qh workaround
Jan 26 10:07:52 moe kernel: ehci-pci 0000:00:12.2: debug port 1
Jan 26 10:07:52 moe kernel: ehci-pci 0000:00:12.2: irq 17, io mem 0xfeb6d000
Jan 26 10:07:52 moe kernel: ehci-pci 0000:00:12.2: USB 2.0 started, EHCI 1.00
Jan 26 10:07:52 moe kernel: usb usb1: New USB device found, idVendor=1d6b, idProduct=0002, bcdDevice= 6.07
Jan 26 10:07:52 moe kernel: usb usb1: New USB device strings: Mfr=3, Product=2, SerialNumber=1
Jan 26 10:07:52 moe kernel: usb usb1: Product: EHCI Host Controller
Jan 26 10:07:52 moe kernel: usb usb1: Manufacturer: Linux 6.7.0-arch3-1 ehci_hcd
Jan 26 10:07:52 moe kernel: usb usb1: SerialNumber: 0000:00:12.2
Jan 26 10:07:52 moe kernel: hub 1-0:1.0: USB hub found
Jan 26 10:07:52 moe kernel: hub 1-0:1.0: 4 ports detected
Jan 26 10:07:52 moe kernel: ohci-pci 0000:00:12.0: OHCI PCI host controller
Jan 26 10:07:52 moe kernel: ohci-pci 0000:00:12.0: new USB bus registered, assigned bus number 2
Jan 26 10:07:52 moe kernel: ohci-pci 0000:00:12.0: irq 18, io mem 0xfeb6e000
Jan 26 10:07:52 moe kernel: usb usb2: New USB device found, idVendor=1d6b, idProduct=0001, bcdDevice= 6.07
Jan 26 10:07:52 moe kernel: usb usb2: New USB device strings: Mfr=3, Product=2, SerialNumber=1
Jan 26 10:07:52 moe kernel: usb usb2: Product: OHCI PCI host controller
Jan 26 10:07:52 moe kernel: usb usb2: Manufacturer: Linux 6.7.0-arch3-1 ohci_hcd
Jan 26 10:07:52 moe kernel: usb usb2: SerialNumber: 0000:00:12.0
Jan 26 10:07:52 moe kernel: hub 2-0:1.0: USB hub found
Jan 26 10:07:52 moe kernel: hub 2-0:1.0: 4 ports detected
Jan 26 10:07:52 moe kernel: ohci-pci 0000:00:13.0: OHCI PCI host controller
Jan 26 10:07:52 moe kernel: ohci-pci 0000:00:13.0: new USB bus registered, assigned bus number 3
Jan 26 10:07:52 moe kernel: ohci-pci 0000:00:13.0: irq 18, io mem 0xfeb6c000
Jan 26 10:07:52 moe kernel: ACPI: battery: Slot [BAT0] (battery present)
Jan 26 10:07:52 moe kernel: ata2: SATA link down (SStatus 0 SControl 300)
Jan 26 10:07:52 moe kernel: usb usb3: New USB device found, idVendor=1d6b, idProduct=0001, bcdDevice= 6.07
Jan 26 10:07:52 moe kernel: usb usb3: New USB device strings: Mfr=3, Product=2, SerialNumber=1
Jan 26 10:07:52 moe kernel: usb usb3: Product: OHCI PCI host controller
Jan 26 10:07:52 moe kernel: usb usb3: Manufacturer: Linux 6.7.0-arch3-1 ohci_hcd
Jan 26 10:07:52 moe kernel: usb usb3: SerialNumber: 0000:00:13.0
Jan 26 10:07:52 moe kernel: hub 3-0:1.0: USB hub found
Jan 26 10:07:52 moe kernel: hub 3-0:1.0: 4 ports detected
Jan 26 10:07:52 moe kernel: usbcore: registered new interface driver usbserial_generic
Jan 26 10:07:52 moe kernel: usbserial: USB Serial support registered for generic
Jan 26 10:07:52 moe kernel: ehci-pci 0000:00:13.2: EHCI Host Controller
Jan 26 10:07:52 moe kernel: ehci-pci 0000:00:13.2: new USB bus registered, assigned bus number 4
Jan 26 10:07:52 moe kernel: ehci-pci 0000:00:13.2: applying AMD SB700/SB800/Hudson-2/3 EHCI dummy qh workaround
Jan 26 10:07:52 moe kernel: ehci-pci 0000:00:13.2: debug port 1
Jan 26 10:07:52 moe kernel: ehci-pci 0000:00:13.2: irq 17, io mem 0xfeb6b000
Jan 26 10:07:52 moe kernel: rtc_cmos 00:03: RTC can wake from S4
Jan 26 10:07:52 moe kernel: rtc_cmos 00:03: registered as rtc0
Jan 26 10:07:52 moe kernel: rtc_cmos 00:03: setting system clock to 2024-01-26T09:07:20 UTC (1706260040)
Jan 26 10:07:52 moe kernel: rtc_cmos 00:03: alarms up to one month, y3k, 114 bytes nvram, hpet irqs
Jan 26 10:07:52 moe kernel: amd_pstate: the _CPC object is not present in SBIOS or ACPI disabled
Jan 26 10:07:52 moe kernel: ledtrig-cpu: registered to indicate activity on CPUs
Jan 26 10:07:52 moe kernel: hid: raw HID events driver (C) Jiri Kosina
Jan 26 10:07:52 moe kernel: drop_monitor: Initializing network drop monitor service
Jan 26 10:07:52 moe kernel: Initializing XFRM netlink socket
Jan 26 10:07:52 moe kernel: NET: Registered PF_INET6 protocol family
Jan 26 10:07:52 moe kernel: ata1: SATA link up 3.0 Gbps (SStatus 123 SControl 300)
Jan 26 10:07:52 moe kernel: ata1.00: ATA-8: ST9250315AS, 0002SDM1, max UDMA/133
Jan 26 10:07:52 moe kernel: ata1.00: 488397168 sectors, multi 16: LBA48 NCQ (depth 32)
Jan 26 10:07:52 moe kernel: usb 1-1: new high-speed USB device number 2 using ehci-pci
Jan 26 10:07:52 moe kernel: ata1.00: configured for UDMA/133
Jan 26 10:07:52 moe kernel: scsi 0:0:0:0: Direct-Access     ATA      ST9250315AS      SDM1 PQ: 0 ANSI: 5
Jan 26 10:07:52 moe kernel: sd 0:0:0:0: [sda] 488397168 512-byte logical blocks: (250 GB/233 GiB)
Jan 26 10:07:52 moe kernel: sd 0:0:0:0: [sda] Write Protect is off
Jan 26 10:07:52 moe kernel: sd 0:0:0:0: [sda] Mode Sense: 00 3a 00 00
Jan 26 10:07:52 moe kernel: sd 0:0:0:0: [sda] Write cache: enabled, read cache: enabled, doesn't support DPO or FUA
Jan 26 10:07:52 moe kernel: sd 0:0:0:0: [sda] Preferred minimum I/O size 512 bytes
Jan 26 10:07:52 moe kernel: ehci-pci 0000:00:13.2: USB 2.0 started, EHCI 1.00
Jan 26 10:07:52 moe kernel: usb usb4: New USB device found, idVendor=1d6b, idProduct=0002, bcdDevice= 6.07
Jan 26 10:07:52 moe kernel: usb usb4: New USB device strings: Mfr=3, Product=2, SerialNumber=1
Jan 26 10:07:52 moe kernel: usb usb4: Product: EHCI Host Controller
Jan 26 10:07:52 moe kernel: usb usb4: Manufacturer: Linux 6.7.0-arch3-1 ehci_hcd
Jan 26 10:07:52 moe kernel: usb usb4: SerialNumber: 0000:00:13.2
Jan 26 10:07:52 moe kernel: hub 4-0:1.0: USB hub found
Jan 26 10:07:52 moe kernel: hub 4-0:1.0: 4 ports detected
Jan 26 10:07:52 moe kernel:  sda: sda1 sda2
Jan 26 10:07:52 moe kernel: sd 0:0:0:0: [sda] Attached SCSI disk
Jan 26 10:07:52 moe kernel: hub 3-0:1.0: USB hub found
Jan 26 10:07:52 moe kernel: hub 3-0:1.0: 4 ports detected
Jan 26 10:07:52 moe kernel: usb 1-1: New USB device found, idVendor=1221, idProduct=3234, bcdDevice= 0.00
Jan 26 10:07:52 moe kernel: usb 1-1: New USB device strings: Mfr=1, Product=2, SerialNumber=3
Jan 26 10:07:52 moe kernel: usb 1-1: Product: Flash Disk
Jan 26 10:07:52 moe kernel: usb 1-1: Manufacturer: USB 2
Jan 26 10:07:52 moe kernel: usb 1-1: SerialNumber: 100010000000367D
Jan 26 10:07:52 moe kernel: Freeing initrd memory: 35084K
Jan 26 10:07:52 moe kernel: tsc: Refined TSC clocksource calibration: 998.127 MHz
Jan 26 10:07:52 moe kernel: clocksource: tsc: mask: 0xffffffffffffffff max_cycles: 0x1cc65b93289, max_idle_ns: 881590487074 ns
Jan 26 10:07:52 moe kernel: clocksource: Switched to clocksource tsc
Jan 26 10:07:52 moe kernel: usb 3-1: new full-speed USB device number 2 using ohci-pci
Jan 26 10:07:52 moe kernel: Segment Routing with IPv6
Jan 26 10:07:52 moe kernel: RPL Segment Routing with IPv6
Jan 26 10:07:52 moe kernel: In-situ OAM (IOAM) with IPv6
Jan 26 10:07:52 moe kernel: NET: Registered PF_PACKET protocol family
Jan 26 10:07:52 moe kernel: x86/pm: family 0x16 cpu detected, MSR saving is needed during suspending.
Jan 26 10:07:52 moe kernel: microcode: Current revision: 0x0700010f
Jan 26 10:07:52 moe kernel: microcode: Updated early from: 0x0700010b
Jan 26 10:07:52 moe kernel: IPI shorthand broadcast: enabled
Jan 26 10:07:52 moe kernel: sched_clock: Marking stable (1800005032, 3348370)->(1805208484, -1855082)
Jan 26 10:07:52 moe kernel: registered taskstats version 1
Jan 26 10:07:52 moe kernel: Loading compiled-in X.509 certificates
Jan 26 10:07:52 moe kernel: Loaded X.509 cert 'Build time autogenerated kernel key: 77b9ce99456b845f33ce7dee4dbd0c89971d64ac'
Jan 26 10:07:52 moe kernel: zswap: loaded using pool zstd/zsmalloc
Jan 26 10:07:52 moe kernel: Key type .fscrypt registered
Jan 26 10:07:52 moe kernel: Key type fscrypt-provisioning registered
Jan 26 10:07:52 moe kernel: integrity: Loading X.509 certificate: UEFI:db
Jan 26 10:07:52 moe kernel: integrity: Loaded X.509 cert 'ASUSTeK Notebook SW Key Certificate: b8e581e4df77a5bb4282d5ccfc00c071'
Jan 26 10:07:52 moe kernel: integrity: Loading X.509 certificate: UEFI:db
Jan 26 10:07:52 moe kernel: integrity: Loaded X.509 cert 'ASUSTeK MotherBoard SW Key Certificate: da83b990422ebc8c441f8d8b039a65a2'
Jan 26 10:07:52 moe kernel: integrity: Loading X.509 certificate: UEFI:db
Jan 26 10:07:52 moe kernel: integrity: Loaded X.509 cert 'Microsoft Corporation UEFI CA 2011: 13adbf4309bd82709c8cd54f316ed522988a1bd4'
Jan 26 10:07:52 moe kernel: integrity: Loading X.509 certificate: UEFI:db
Jan 26 10:07:52 moe kernel: integrity: Loaded X.509 cert 'Microsoft Windows Production PCA 2011: a92902398e16c49778cd90f99e4f9ae17c55af53'
Jan 26 10:07:52 moe kernel: integrity: Loading X.509 certificate: UEFI:db
Jan 26 10:07:52 moe kernel: integrity: Loaded X.509 cert 'Canonical Ltd. Master Certificate Authority: ad91990bc22ab1f517048c23b6655a268e345a63'
Jan 26 10:07:52 moe kernel: PM:   Magic number: 8:939:121
Jan 26 10:07:52 moe kernel: RAS: Correctable Errors collector initialized.
Jan 26 10:07:52 moe kernel: clk: Disabling unused clocks
Jan 26 10:07:52 moe kernel: Freeing unused decrypted memory: 2028K
Jan 26 10:07:52 moe kernel: Freeing unused kernel image (initmem) memory: 3436K
Jan 26 10:07:52 moe kernel: Write protecting the kernel read-only data: 30720k
Jan 26 10:07:52 moe kernel: Freeing unused kernel image (rodata/data gap) memory: 1108K
Jan 26 10:07:52 moe kernel: usb 3-1: New USB device found, idVendor=03eb, idProduct=843d, bcdDevice=20.01
Jan 26 10:07:52 moe kernel: usb 3-1: New USB device strings: Mfr=1, Product=2, SerialNumber=0
Jan 26 10:07:52 moe kernel: usb 3-1: Product: Atmel maXTouch Digitizer
Jan 26 10:07:52 moe kernel: usb 3-1: Manufacturer: Atmel
Jan 26 10:07:52 moe kernel: x86/mm: Checked W+X mappings: passed, no W+X pages found.
Jan 26 10:07:52 moe kernel: rodata_test: all tests were successful
Jan 26 10:07:52 moe kernel: Run /init as init process
Jan 26 10:07:52 moe kernel:   with arguments:
Jan 26 10:07:52 moe kernel:     /init
Jan 26 10:07:52 moe kernel:   with environment:
Jan 26 10:07:52 moe kernel:     HOME=/
Jan 26 10:07:52 moe kernel:     TERM=linux
Jan 26 10:07:52 moe kernel:     BOOT_IMAGE=/vmlinuz-linux
Jan 26 10:07:52 moe kernel: ACPI: video: Video Device [VGA] (multi-head: yes  rom: no  post: no)
Jan 26 10:07:52 moe kernel: input: Video Bus as /devices/LNXSYSTM:00/LNXSYBUS:00/PNP0A08:00/LNXVIDEO:00/input/input4
Jan 26 10:07:52 moe kernel: usb 4-3: new high-speed USB device number 3 using ehci-pci
Jan 26 10:07:52 moe kernel: usb 4-3: New USB device found, idVendor=04f2, idProduct=b404, bcdDevice=69.63
Jan 26 10:07:52 moe kernel: usb 4-3: New USB device strings: Mfr=3, Product=1, SerialNumber=2
Jan 26 10:07:52 moe kernel: usb 4-3: Product: USB2.0 HD UVC WebCam
Jan 26 10:07:52 moe kernel: usb 4-3: Manufacturer: Chicony Electronics Co.,Ltd.
Jan 26 10:07:52 moe kernel: usb 4-3: SerialNumber: 0x0001
Jan 26 10:07:52 moe kernel: [drm] radeon kernel modesetting enabled.
Jan 26 10:07:52 moe kernel: radeon 0000:00:01.0: CIK support disabled by module param
Jan 26 10:07:52 moe kernel: i8042: PNP: PS/2 Controller [PNP030b:PS2K,PNP0f03:PS2M] at 0x60,0x64 irq 1,12
Jan 26 10:07:52 moe kernel: i8042: Detected active multiplexing controller, rev 1.1
Jan 26 10:07:52 moe kernel: serio: i8042 KBD port at 0x60,0x64 irq 1
Jan 26 10:07:52 moe kernel: serio: i8042 AUX0 port at 0x60,0x64 irq 12
Jan 26 10:07:52 moe kernel: serio: i8042 AUX1 port at 0x60,0x64 irq 12
Jan 26 10:07:52 moe kernel: serio: i8042 AUX2 port at 0x60,0x64 irq 12
Jan 26 10:07:52 moe kernel: serio: i8042 AUX3 port at 0x60,0x64 irq 12
Jan 26 10:07:52 moe kernel: xhci_hcd 0000:00:10.0: xHCI Host Controller
Jan 26 10:07:52 moe kernel: xhci_hcd 0000:00:10.0: new USB bus registered, assigned bus number 5
Jan 26 10:07:52 moe kernel: xhci_hcd 0000:00:10.0: hcc params 0x014040c3 hci version 0x100 quirks 0x0000000000000410
Jan 26 10:07:52 moe kernel: xhci_hcd 0000:00:10.0: xHCI Host Controller
Jan 26 10:07:52 moe kernel: xhci_hcd 0000:00:10.0: new USB bus registered, assigned bus number 6
Jan 26 10:07:52 moe kernel: xhci_hcd 0000:00:10.0: Host supports USB 3.0 SuperSpeed
Jan 26 10:07:52 moe kernel: usb usb5: New USB device found, idVendor=1d6b, idProduct=0002, bcdDevice= 6.07
Jan 26 10:07:52 moe kernel: usb usb5: New USB device strings: Mfr=3, Product=2, SerialNumber=1
Jan 26 10:07:52 moe kernel: usb usb5: Product: xHCI Host Controller
Jan 26 10:07:52 moe kernel: usb usb5: Manufacturer: Linux 6.7.0-arch3-1 xhci-hcd
Jan 26 10:07:52 moe kernel: usb usb5: SerialNumber: 0000:00:10.0
Jan 26 10:07:52 moe kernel: hub 5-0:1.0: USB hub found
Jan 26 10:07:52 moe kernel: hub 5-0:1.0: 2 ports detected
Jan 26 10:07:52 moe kernel: usb usb6: We don't know the algorithms for LPM for this host, disabling LPM.
Jan 26 10:07:52 moe kernel: usb usb6: New USB device found, idVendor=1d6b, idProduct=0003, bcdDevice= 6.07
Jan 26 10:07:52 moe kernel: usb usb6: New USB device strings: Mfr=3, Product=2, SerialNumber=1
Jan 26 10:07:52 moe kernel: usb usb6: Product: xHCI Host Controller
Jan 26 10:07:52 moe kernel: usb usb6: Manufacturer: Linux 6.7.0-arch3-1 xhci-hcd
Jan 26 10:07:52 moe kernel: usb usb6: SerialNumber: 0000:00:10.0
Jan 26 10:07:52 moe kernel: hub 6-0:1.0: USB hub found
Jan 26 10:07:52 moe kernel: hub 6-0:1.0: 2 ports detected
Jan 26 10:07:52 moe kernel: usb-storage 1-1:1.0: USB Mass Storage device detected
Jan 26 10:07:52 moe kernel: scsi host2: usb-storage 1-1:1.0
Jan 26 10:07:52 moe kernel: usbcore: registered new interface driver usb-storage
Jan 26 10:07:52 moe kernel: input: Atmel Atmel maXTouch Digitizer Touchscreen as /devices/pci0000:00/0000:00:13.0/usb3/3-1/3-1:1.0/0003:03EB:843D.0001/input/input5
Jan 26 10:07:52 moe kernel: input: Atmel Atmel maXTouch Digitizer as /devices/pci0000:00/0000:00:13.0/usb3/3-1/3-1:1.0/0003:03EB:843D.0001/input/input6
Jan 26 10:07:52 moe kernel: hid-generic 0003:03EB:843D.0001: input,hiddev96,hidraw0: USB HID v1.11 Device [Atmel Atmel maXTouch Digitizer] on usb-0000:00:13.0-1/input0
Jan 26 10:07:52 moe kernel: hid-generic 0003:03EB:843D.0002: hiddev97,hidraw1: USB HID v1.11 Device [Atmel Atmel maXTouch Digitizer] on usb-0000:00:13.0-1/input1
Jan 26 10:07:52 moe kernel: usbcore: registered new interface driver usbhid
Jan 26 10:07:52 moe kernel: usbhid: USB HID core driver
Jan 26 10:07:52 moe kernel: usbcore: registered new interface driver uas
Jan 26 10:07:52 moe kernel: sdhci: Secure Digital Host Controller Interface driver
Jan 26 10:07:52 moe kernel: sdhci: Copyright(c) Pierre Ossman
Jan 26 10:07:52 moe kernel: sdhci-pci 0000:00:14.7: SDHCI controller found [1022:7813] (rev 1)
Jan 26 10:07:52 moe kernel: sdhci-pci 0000:00:14.7: enabling device (0000 -> 0002)
Jan 26 10:07:52 moe kernel: mmc0: SDHCI controller on PCI [0000:00:14.7] using ADMA
Jan 26 10:07:52 moe kernel: input: AT Translated Set 2 keyboard as /devices/platform/i8042/serio0/input/input7
Jan 26 10:07:52 moe kernel: scsi 2:0:0:0: Direct-Access     USB 2.0  Flash Disk       2.10 PQ: 0 ANSI: 2
Jan 26 10:07:52 moe kernel: sd 2:0:0:0: [sdb] 1013760 512-byte logical blocks: (519 MB/495 MiB)
Jan 26 10:07:52 moe kernel: sd 2:0:0:0: [sdb] Write Protect is off
Jan 26 10:07:52 moe kernel: sd 2:0:0:0: [sdb] Mode Sense: 0b 00 00 08
Jan 26 10:07:52 moe kernel: sd 2:0:0:0: [sdb] No Caching mode page found
Jan 26 10:07:52 moe kernel: sd 2:0:0:0: [sdb] Assuming drive cache: write through
Jan 26 10:07:52 moe kernel:  sdb:
Jan 26 10:07:52 moe kernel: sd 2:0:0:0: [sdb] Attached SCSI removable disk
Jan 26 10:07:52 moe kernel: [drm] amdgpu kernel modesetting enabled.
Jan 26 10:07:52 moe kernel: amdgpu: Virtual CRAT table created for CPU
Jan 26 10:07:52 moe kernel: amdgpu: Topology: Add CPU node
Jan 26 10:07:52 moe kernel: [drm] initializing kernel modesetting (KABINI 0x1002:0x9839 0x1043:0x141D 0x00).
Jan 26 10:07:52 moe kernel: [drm] register mmio base: 0xFEB00000
Jan 26 10:07:52 moe kernel: [drm] register mmio size: 262144
Jan 26 10:07:52 moe kernel: [drm] add ip block number 0 <cik_common>
Jan 26 10:07:52 moe kernel: [drm] add ip block number 1 <gmc_v7_0>
Jan 26 10:07:52 moe kernel: [drm] add ip block number 2 <cik_ih>
Jan 26 10:07:52 moe kernel: [drm] add ip block number 3 <gfx_v7_0>
Jan 26 10:07:52 moe kernel: [drm] add ip block number 4 <cik_sdma>
Jan 26 10:07:52 moe kernel: [drm] add ip block number 5 <kv_dpm>
Jan 26 10:07:52 moe kernel: [drm] add ip block number 6 <dce_v8_0>
Jan 26 10:07:52 moe kernel: [drm] add ip block number 7 <uvd_v4_2>
Jan 26 10:07:52 moe kernel: [drm] add ip block number 8 <vce_v2_0>
Jan 26 10:07:52 moe kernel: amdgpu 0000:00:01.0: amdgpu: Fetched VBIOS from VFCT
Jan 26 10:07:52 moe kernel: amdgpu: ATOM BIOS: BR44561
Jan 26 10:07:52 moe kernel: kfd kfd: amdgpu: KABINI  not supported in kfd
Jan 26 10:07:52 moe kernel: amdgpu 0000:00:01.0: vgaarb: deactivate vga console
Jan 26 10:07:52 moe kernel: amdgpu 0000:00:01.0: amdgpu: Trusted Memory Zone (TMZ) feature not supported
Jan 26 10:07:52 moe kernel: [drm] vm size is 64 GB, 2 levels, block size is 10-bit, fragment size is 9-bit
Jan 26 10:07:52 moe kernel: amdgpu 0000:00:01.0: amdgpu: VRAM: 512M 0x0000000F00000000 - 0x0000000F1FFFFFFF (512M used)
Jan 26 10:07:52 moe kernel: amdgpu 0000:00:01.0: amdgpu: GART: 1024M 0x0000000000000000 - 0x000000003FFFFFFF
Jan 26 10:07:52 moe kernel: [drm] Detected VRAM RAM=512M, BAR=512M
Jan 26 10:07:52 moe kernel: [drm] RAM width 64bits UNKNOWN
Jan 26 10:07:52 moe kernel: [drm] amdgpu: 512M of VRAM memory ready
Jan 26 10:07:52 moe kernel: [drm] amdgpu: 702M of GTT memory ready.
Jan 26 10:07:52 moe kernel: [drm] GART: num cpu pages 262144, num gpu pages 262144
Jan 26 10:07:52 moe kernel: [drm] PCIE GART of 1024M enabled (table at 0x0000000F00600000).
Jan 26 10:07:52 moe kernel: [drm] Internal thermal controller without fan control
Jan 26 10:07:52 moe kernel: [drm] amdgpu: dpm initialized
Jan 26 10:07:52 moe kernel: [drm] amdgpu atom DIG backlight initialized
Jan 26 10:07:52 moe kernel: [drm] AMDGPU Display Connectors
Jan 26 10:07:52 moe kernel: [drm] Connector 0:
Jan 26 10:07:52 moe kernel: [drm]   LVDS-1
Jan 26 10:07:52 moe kernel: [drm]   HPD1
Jan 26 10:07:52 moe kernel: [drm]   DDC: 0x194c 0x194c 0x194d 0x194d 0x194e 0x194e 0x194f 0x194f
Jan 26 10:07:52 moe kernel: [drm]   Encoders:
Jan 26 10:07:52 moe kernel: [drm]     LCD1: INTERNAL_UNIPHY
Jan 26 10:07:52 moe kernel: [drm] Connector 1:
Jan 26 10:07:52 moe kernel: [drm]   HDMI-A-1
Jan 26 10:07:52 moe kernel: [drm]   HPD2
Jan 26 10:07:52 moe kernel: [drm]   DDC: 0x1950 0x1950 0x1951 0x1951 0x1952 0x1952 0x1953 0x1953
Jan 26 10:07:52 moe kernel: [drm]   Encoders:
Jan 26 10:07:52 moe kernel: [drm]     DFP1: INTERNAL_UNIPHY
Jan 26 10:07:52 moe kernel: [drm] Connector 2:
Jan 26 10:07:52 moe kernel: [drm]   VGA-1
Jan 26 10:07:52 moe kernel: [drm]   DDC: 0x1970 0x1970 0x1971 0x1971 0x1972 0x1972 0x1973 0x1973
Jan 26 10:07:52 moe kernel: [drm]   Encoders:
Jan 26 10:07:52 moe kernel: [drm]     CRT1: INTERNAL_KLDSCP_DAC1
Jan 26 10:07:52 moe kernel: [drm] Found UVD firmware Version: 1.64 Family ID: 9
Jan 26 10:07:52 moe kernel: [drm] Found VCE firmware Version: 50.10 Binary ID: 2
Jan 26 10:07:52 moe kernel: [drm] UVD initialized successfully.
Jan 26 10:07:52 moe kernel: [drm] VCE initialized successfully.
Jan 26 10:07:52 moe kernel: amdgpu 0000:00:01.0: amdgpu: SE 1, SH per SE 1, CU per SH 2, active_cu_number 2
Jan 26 10:07:52 moe kernel: [drm] Initialized amdgpu 3.56.0 20150101 for 0000:00:01.0 on minor 1
Jan 26 10:07:52 moe kernel: fbcon: amdgpudrmfb (fb0) is primary device
Jan 26 10:07:52 moe kernel: fbcon: Deferring console take-over
Jan 26 10:07:52 moe kernel: amdgpu 0000:00:01.0: [drm] fb0: amdgpudrmfb frame buffer device
Jan 26 10:07:52 moe kernel: fbcon: Taking over console
Jan 26 10:07:52 moe kernel: Console: switching to colour frame buffer device 170x48
Jan 26 10:07:52 moe kernel: EXT4-fs (sda2): mounted filesystem fb0e41e6-7e74-4d61-bbb3-f3ffea04c946 r/w with ordered data mode. Quota mode: none.
Jan 26 10:07:52 moe kernel: random: crng init done
Jan 26 10:07:52 moe systemd[1]: systemd 255.2-3-arch running in system mode (+PAM +AUDIT -SELINUX -APPARMOR -IMA +SMACK +SECCOMP +GCRYPT +GNUTLS +OPENSSL +ACL +BLKID +CURL +ELFUTILS +FIDO2 +IDN2 -IDN +IPTC +KMOD +LIBCRYPTSETUP +LIBFDISK +PCRE2 +PWQUALITY +P11KIT +QRENCODE +TPM2 +BZIP2 +LZ4 +XZ +ZLIB +ZSTD +BPF_FRAMEWORK +XKBCOMMON +UTMP -SYSVINIT default-hierarchy=unified)
Jan 26 10:07:52 moe systemd[1]: Detected architecture x86-64.
Jan 26 10:07:52 moe systemd[1]: Hostname set to <moe>.
Jan 26 10:07:52 moe systemd[1]: bpf-lsm: LSM BPF program attached
Jan 26 10:07:52 moe systemd[1]: Queued start job for default target Graphical Interface.
Jan 26 10:07:52 moe systemd[1]: Created slice Slice /system/getty.
Jan 26 10:07:52 moe systemd[1]: Created slice Slice /system/modprobe.
Jan 26 10:07:52 moe systemd[1]: Created slice User and Session Slice.
Jan 26 10:07:52 moe systemd[1]: Started Dispatch Password Requests to Console Directory Watch.
Jan 26 10:07:52 moe systemd[1]: Started Forward Password Requests to Wall Directory Watch.
Jan 26 10:07:52 moe systemd[1]: Set up automount Arbitrary Executable File Formats File System Automount Point.
Jan 26 10:07:52 moe systemd[1]: Expecting device /dev/disk/by-uuid/443E-0BCF...
Jan 26 10:07:52 moe systemd[1]: Reached target Local Encrypted Volumes.
Jan 26 10:07:52 moe systemd[1]: Reached target Login Prompts.
Jan 26 10:07:52 moe systemd[1]: Reached target Local Integrity Protected Volumes.
Jan 26 10:07:52 moe systemd[1]: Reached target Path Units.
Jan 26 10:07:52 moe systemd[1]: Reached target Remote File Systems.
Jan 26 10:07:52 moe systemd[1]: Reached target Slice Units.
Jan 26 10:07:52 moe systemd[1]: Reached target Swaps.
Jan 26 10:07:52 moe systemd[1]: Reached target Local Verity Protected Volumes.
Jan 26 10:07:52 moe systemd[1]: Listening on Device-mapper event daemon FIFOs.
Jan 26 10:07:52 moe systemd[1]: Listening on LVM2 poll daemon socket.
Jan 26 10:07:52 moe systemd[1]: Listening on Process Core Dump Socket.
Jan 26 10:07:52 moe systemd[1]: Listening on Journal Socket (/dev/log).
Jan 26 10:07:52 moe systemd[1]: Listening on Journal Socket.
Jan 26 10:07:52 moe systemd[1]: TPM2 PCR Extension (Varlink) was skipped because of an unmet condition check (ConditionSecurity=measured-uki).
Jan 26 10:07:52 moe systemd[1]: Listening on udev Control Socket.
Jan 26 10:07:52 moe systemd[1]: Listening on udev Kernel Socket.
Jan 26 10:07:52 moe systemd[1]: Mounting Huge Pages File System...
Jan 26 10:07:52 moe systemd[1]: Mounting POSIX Message Queue File System...
Jan 26 10:07:52 moe systemd[1]: Mounting Kernel Debug File System...
Jan 26 10:07:52 moe systemd[1]: Mounting Kernel Trace File System...
Jan 26 10:07:52 moe systemd[1]: Mounting Temporary Directory /tmp...
Jan 26 10:07:52 moe systemd[1]: Starting Create List of Static Device Nodes...
Jan 26 10:07:52 moe systemd[1]: Starting Monitoring of LVM2 mirrors, snapshots etc. using dmeventd or progress polling...
Jan 26 10:07:52 moe systemd[1]: Starting Load Kernel Module configfs...
Jan 26 10:07:52 moe systemd[1]: Starting Load Kernel Module dm_mod...
Jan 26 10:07:52 moe systemd[1]: Starting Load Kernel Module drm...
Jan 26 10:07:52 moe systemd[1]: Starting Load Kernel Module fuse...
Jan 26 10:07:52 moe systemd[1]: Starting Load Kernel Module loop...
Jan 26 10:07:52 moe systemd[1]: File System Check on Root Device was skipped because of an unmet condition check (ConditionPathIsReadWrite=!/).
Jan 26 10:07:52 moe systemd[1]: Starting Journal Service...
Jan 26 10:07:52 moe systemd[1]: Starting Load Kernel Modules...
Jan 26 10:07:52 moe systemd[1]: TPM2 PCR Machine ID Measurement was skipped because of an unmet condition check (ConditionSecurity=measured-uki).
Jan 26 10:07:52 moe systemd[1]: Starting Remount Root and Kernel File Systems...
Jan 26 10:07:52 moe systemd[1]: TPM2 SRK Setup (Early) was skipped because of an unmet condition check (ConditionSecurity=measured-uki).
Jan 26 10:07:52 moe systemd[1]: Starting Coldplug All udev Devices...
Jan 26 10:07:52 moe systemd[1]: Mounted Huge Pages File System.
Jan 26 10:07:52 moe systemd[1]: Mounted POSIX Message Queue File System.
Jan 26 10:07:52 moe systemd[1]: Mounted Kernel Debug File System.
Jan 26 10:07:52 moe systemd[1]: Mounted Kernel Trace File System.
Jan 26 10:07:52 moe systemd[1]: Mounted Temporary Directory /tmp.
Jan 26 10:07:52 moe kernel: loop: module loaded
Jan 26 10:07:52 moe systemd[1]: Finished Create List of Static Device Nodes.
Jan 26 10:07:52 moe systemd[1]: modprobe@configfs.service: Deactivated successfully.
Jan 26 10:07:52 moe systemd[1]: Finished Load Kernel Module configfs.
Jan 26 10:07:52 moe systemd[1]: modprobe@drm.service: Deactivated successfully.
Jan 26 10:07:52 moe systemd[1]: Finished Load Kernel Module drm.
Jan 26 10:07:52 moe systemd[1]: modprobe@loop.service: Deactivated successfully.
Jan 26 10:07:52 moe systemd[1]: Finished Load Kernel Module loop.
Jan 26 10:07:52 moe systemd[1]: Mounting Kernel Configuration File System...
Jan 26 10:07:52 moe kernel: EXT4-fs (sda2): re-mounted fb0e41e6-7e74-4d61-bbb3-f3ffea04c946 r/w. Quota mode: none.
Jan 26 10:07:52 moe systemd[1]: Starting Create Static Device Nodes in /dev gracefully...
Jan 26 10:07:52 moe systemd[1]: Finished Remount Root and Kernel File Systems.
Jan 26 10:07:52 moe kernel: fuse: init (API version 7.39)
Jan 26 10:07:52 moe kernel: device-mapper: uevent: version 1.0.3
Jan 26 10:07:52 moe kernel: device-mapper: ioctl: 4.48.0-ioctl (2023-03-01) initialised: dm-devel@redhat.com
Jan 26 10:07:52 moe systemd[1]: Rebuild Hardware Database was skipped because of an unmet condition check (ConditionNeedsUpdate=/etc).
Jan 26 10:07:52 moe systemd[1]: Starting Load/Save OS Random Seed...
Jan 26 10:07:52 moe systemd[1]: TPM2 SRK Setup was skipped because of an unmet condition check (ConditionSecurity=measured-uki).
Jan 26 10:07:52 moe systemd[1]: modprobe@dm_mod.service: Deactivated successfully.
Jan 26 10:07:52 moe systemd[1]: Finished Load Kernel Module dm_mod.
Jan 26 10:07:52 moe systemd[1]: modprobe@fuse.service: Deactivated successfully.
Jan 26 10:07:52 moe systemd[1]: Finished Load Kernel Module fuse.
Jan 26 10:07:52 moe systemd[1]: Mounted Kernel Configuration File System.
Jan 26 10:07:52 moe systemd[1]: Mounting FUSE Control File System...
Jan 26 10:07:52 moe systemd-journald[182]: Collecting audit messages is disabled.
Jan 26 10:07:52 moe systemd[1]: Repartition Root Disk was skipped because no trigger condition checks were met.
Jan 26 10:07:52 moe systemd[1]: Mounted FUSE Control File System.
Jan 26 10:07:52 moe kernel: i2c_dev: i2c /dev entries driver
Jan 26 10:07:52 moe systemd[1]: Finished Load Kernel Modules.
Jan 26 10:07:52 moe systemd[1]: Starting Apply Kernel Variables...
Jan 26 10:07:52 moe systemd-journald[182]: Journal started
Jan 26 10:07:52 moe systemd-journald[182]: Runtime Journal (/run/log/journal/7b85ba1646dc429ba670b7c340896deb) is 8.0M, max 70.2M, 62.2M free.
Jan 26 10:07:51 moe systemd-modules-load[183]: Inserted module 'crypto_user'
Jan 26 10:07:51 moe systemd-modules-load[183]: Inserted module 'i2c_dev'
Jan 26 10:07:52 moe systemd[1]: Started Journal Service.
Jan 26 10:07:52 moe systemd[1]: Starting Flush Journal to Persistent Storage...
Jan 26 10:07:52 moe systemd[1]: Finished Load/Save OS Random Seed.
Jan 26 10:07:52 moe systemd-sysctl[193]: Couldn't write '1' to 'kernel/exec_load_disabled', ignoring: No such file or directory
Jan 26 10:07:52 moe systemd[1]: Finished Coldplug All udev Devices.
Jan 26 10:07:52 moe systemd-journald[182]: Time spent on flushing to /var/log/journal/7b85ba1646dc429ba670b7c340896deb is 7.747359s for 884 entries.
Jan 26 10:07:52 moe systemd-journald[182]: System Journal (/var/log/journal/7b85ba1646dc429ba670b7c340896deb) is 440.0M, max 4.0G, 3.5G free.
Jan 26 10:08:01 moe systemd-journald[182]: Received client request to flush runtime journal.
Jan 26 10:08:01 moe systemd-journald[182]: /var/log/journal/7b85ba1646dc429ba670b7c340896deb/system.journal: Journal file uses a different sequence number ID, rotating.
Jan 26 10:08:01 moe systemd-journald[182]: Rotating system journal.
Jan 26 10:08:01 moe kernel: input: Atmel Atmel maXTouch Digitizer as /devices/pci0000:00/0000:00:13.0/usb3/3-1/3-1:1.0/0003:03EB:843D.0001/input/input12
Jan 26 10:08:01 moe kernel: input: Atmel Atmel maXTouch Digitizer as /devices/pci0000:00/0000:00:13.0/usb3/3-1/3-1:1.0/0003:03EB:843D.0001/input/input13
Jan 26 10:08:01 moe kernel: hid-multitouch 0003:03EB:843D.0001: input,hiddev96,hidraw0: USB HID v1.11 Device [Atmel Atmel maXTouch Digitizer] on usb-0000:00:13.0-1/input0
Jan 26 10:08:01 moe kernel: mousedev: PS/2 mouse device common for all mice
Jan 26 10:08:01 moe kernel: input: Asus Wireless Radio Control as /devices/LNXSYSTM:00/LNXSYBUS:00/ATK4001:00/input/input14
Jan 26 10:08:01 moe kernel: ACPI Warning: SystemIO range 0x0000000000000B00-0x0000000000000B08 conflicts with OpRegion 0x0000000000000B00-0x0000000000000B0F (\SBSM) (20230628/utaddress-204)
Jan 26 10:08:01 moe kernel: ACPI: OSL: Resource conflict; ACPI support missing from driver?
Jan 26 10:08:01 moe kernel: FAT-fs (sda1): Volume was not properly unmounted. Some data may be corrupt. Please run fsck.
Jan 26 10:08:01 moe kernel: sp5100_tco: SP5100/SB800 TCO WatchDog Timer Driver
Jan 26 10:08:01 moe kernel: sp5100-tco sp5100-tco: Using 0xfed80b00 for watchdog MMIO address
Jan 26 10:08:01 moe kernel: sp5100-tco sp5100-tco: initialized. heartbeat=60 sec (nowayout=0)
Jan 26 10:08:01 moe kernel: cfg80211: Loading compiled-in X.509 certificates for regulatory database
Jan 26 10:08:01 moe kernel: Loaded X.509 cert 'sforshee: 00b28ddf47aef9cea7'
Jan 26 10:08:01 moe kernel: Loaded X.509 cert 'wens: 61c038651aabdcf94bd0ac7ff06c7248db18c600'
Jan 26 10:08:01 moe kernel: platform regulatory.0: Direct firmware load for regulatory.db failed with error -2
Jan 26 10:08:01 moe kernel: cfg80211: failed to load regulatory.db
Jan 26 10:08:01 moe kernel: acpi_cpufreq: overriding BIOS provided _PSD data
Jan 26 10:08:01 moe kernel: mc: Linux media interface: v0.10
Jan 26 10:08:01 moe kernel: asus_wmi: ASUS WMI generic driver loaded
Jan 26 10:08:01 moe kernel: videodev: Linux video capture interface: v2.00
Jan 26 10:08:01 moe kernel: asus_wmi: Initialization: 0x1
Jan 26 10:08:01 moe kernel: asus_wmi: BIOS WMI version: 0.0
Jan 26 10:08:01 moe kernel: asus_wmi: SFUN value: 0x4a0077
Jan 26 10:08:01 moe kernel: asus-nb-wmi asus-nb-wmi: Detected ATK, not ASUSWMI, use DSTS
Jan 26 10:08:01 moe kernel: asus-nb-wmi asus-nb-wmi: Detected ATK, enable event queue
Jan 26 10:08:01 moe kernel: input: Asus WMI hotkeys as /devices/platform/asus-nb-wmi/input/input19
Jan 26 10:08:01 moe kernel: input: PC Speaker as /devices/platform/pcspkr/input/input20
Jan 26 10:08:01 moe kernel: asus_wmi: fan_curve_get_factory_default (0x00110024) failed: -19
Jan 26 10:08:01 moe kernel: asus_wmi: fan_curve_get_factory_default (0x00110025) failed: -19
Jan 26 10:08:01 moe kernel: asus_wmi: fan_curve_get_factory_default (0x00110032) failed: -19
Jan 26 10:08:01 moe kernel: r8169 0000:02:00.0: can't disable ASPM; OS doesn't have ASPM control
Jan 26 10:08:01 moe kernel: snd_hda_intel 0000:00:01.1: enabling device (0000 -> 0002)
Jan 26 10:08:01 moe kernel: snd_hda_intel 0000:00:01.1: Force to non-snoop mode
Jan 26 10:08:01 moe kernel: r8169 0000:02:00.0 eth0: RTL8105e, 74:d0:2b:6b:1c:3b, XID 40a, IRQ 35
Jan 26 10:08:01 moe kernel: psmouse serio4: elantech: assuming hardware version 4 (with firmware version 0x481f01)
Jan 26 10:08:01 moe kernel: psmouse serio4: elantech: Synaptics capabilities query result 0x11, 0x12, 0x0a.
Jan 26 10:08:01 moe kernel: psmouse serio4: elantech: Elan sample query result 02, 09, 75
Jan 26 10:08:01 moe kernel: input: ETPS/2 Elantech Touchpad as /devices/platform/i8042/serio4/input/input18
Jan 26 10:08:01 moe kernel: input: HDA ATI HDMI HDMI/DP,pcm=3 as /devices/pci0000:00/0000:00:01.1/sound/card0/input21
Jan 26 10:08:01 moe kernel: cryptd: max_cpu_qlen set to 1000
Jan 26 10:08:01 moe kernel: snd_hda_codec_realtek hdaudioC1D0: autoconfig for ALC3229: line_outs=1 (0x14/0x0/0x0/0x0/0x0) type:speaker
Jan 26 10:08:01 moe kernel: snd_hda_codec_realtek hdaudioC1D0:    speaker_outs=0 (0x0/0x0/0x0/0x0/0x0)
Jan 26 10:08:01 moe kernel: snd_hda_codec_realtek hdaudioC1D0:    hp_outs=1 (0x21/0x0/0x0/0x0/0x0)
Jan 26 10:08:01 moe kernel: snd_hda_codec_realtek hdaudioC1D0:    mono: mono_out=0x0
Jan 26 10:08:01 moe kernel: snd_hda_codec_realtek hdaudioC1D0:    inputs:
Jan 26 10:08:01 moe kernel: snd_hda_codec_realtek hdaudioC1D0:      Mic=0x19
Jan 26 10:08:01 moe kernel: input: HD-Audio Generic Headphone as /devices/pci0000:00/0000:00:14.2/sound/card1/input22
Jan 26 10:08:01 moe kernel: AVX version of gcm_enc/dec engaged.
Jan 26 10:08:01 moe kernel: AES CTR mode by8 optimization enabled
Jan 26 10:08:01 moe kernel: usb 4-3: Found UVC 1.00 device USB2.0 HD UVC WebCam (04f2:b404)
Jan 26 10:08:01 moe kernel: usbcore: registered new interface driver uvcvideo
Jan 26 10:08:01 moe kernel: ath9k 0000:01:00.0: enabling device (0000 -> 0002)
Jan 26 10:08:01 moe kernel: ath: phy0: Disable PLL PowerSave
Jan 26 10:08:01 moe kernel: ath: phy0: Enable LNA combining
Jan 26 10:08:01 moe kernel: ath: phy0: ASPM enabled: 0x42
Jan 26 10:08:01 moe kernel: ath: EEPROM regdomain: 0x60
Jan 26 10:08:01 moe kernel: ath: EEPROM indicates we should expect a direct regpair map
Jan 26 10:08:01 moe kernel: ath: Country alpha2 being used: 00
Jan 26 10:08:01 moe kernel: ath: Regpair used: 0x60
Jan 26 10:08:01 moe kernel: ieee80211 phy0: Selected rate control algorithm 'minstrel_ht'
Jan 26 10:08:01 moe kernel: ieee80211 phy0: Atheros AR9485 Rev:1 mem=0x0000000055b49d01, irq=38
Jan 26 10:08:01 moe kernel: r8169 0000:02:00.0 enp2s0: renamed from eth0
Jan 26 10:08:01 moe kernel: ath9k 0000:01:00.0 wlp1s0: renamed from wlan0
Jan 26 10:07:56 moe mtp-probe[241]: checking bus 1, device 2: "/sys/devices/pci0000:00/0000:00:12.2/usb1/1-1"
Jan 26 10:07:52 moe systemd[1]: Finished Apply Kernel Variables.
Jan 26 10:07:56 moe mtp-probe[241]: bus: 1, device: 2 was not an MTP device
Jan 26 10:07:52 moe systemd[1]: Finished Monitoring of LVM2 mirrors, snapshots etc. using dmeventd or progress polling.
Jan 26 10:07:57 moe mtp-probe[250]: checking bus 4, device 3: "/sys/devices/pci0000:00/0000:00:13.2/usb4/4-3"
Jan 26 10:07:52 moe systemd[1]: Finished Create Static Device Nodes in /dev gracefully.
Jan 26 10:07:57 moe mtp-probe[250]: bus: 4, device: 3 was not an MTP device
Jan 26 10:07:52 moe systemd[1]: Create System Users was skipped because no trigger condition checks were met.
Jan 26 10:07:52 moe systemd[1]: Starting Create Static Device Nodes in /dev...
Jan 26 10:07:53 moe systemd[1]: Finished Create Static Device Nodes in /dev.
Jan 26 10:07:53 moe systemd[1]: Reached target Preparation for Local File Systems.
Jan 26 10:07:53 moe systemd[1]: Virtual Machine and Container Storage (Compatibility) was skipped because of an unmet condition check (ConditionPathExists=/var/lib/machines.raw).
Jan 26 10:07:53 moe systemd[1]: Starting Rule-based Manager for Device Events and Files...
Jan 26 10:07:53 moe systemd-udevd[219]: Using default interface naming scheme 'v255'.
Jan 26 10:07:55 moe systemd[1]: Started Rule-based Manager for Device Events and Files.
Jan 26 10:07:57 moe systemd[1]: Found device ST9250315AS EFI\x20system\x20partition.
Jan 26 10:07:57 moe systemd[1]: boot.mount: Directory /boot to mount over is not empty, mounting anyway.
Jan 26 10:07:57 moe systemd[1]: Mounting /boot...
Jan 26 10:07:57 moe systemd[1]: Mounted /boot.
Jan 26 10:07:57 moe systemd[1]: Reached target Local File Systems.
Jan 26 10:07:57 moe systemd[1]: Listening on System Extension Image Management (Varlink).
Jan 26 10:07:57 moe systemd[1]: Rebuild Dynamic Linker Cache was skipped because no trigger condition checks were met.
Jan 26 10:07:58 moe systemd[1]: Set Up Additional Binary Formats was skipped because no trigger condition checks were met.
Jan 26 10:07:58 moe systemd[1]: Update Boot Loader Random Seed was skipped because no trigger condition checks were met.
Jan 26 10:07:59 moe systemd[1]: Starting Virtual Console Setup...
Jan 26 10:07:59 moe systemd[1]: systemd-vconsole-setup.service: Deactivated successfully.
Jan 26 10:07:59 moe systemd[1]: Stopped Virtual Console Setup.
Jan 26 10:07:59 moe systemd[1]: Starting Virtual Console Setup...
Jan 26 10:08:00 moe systemd[1]: Listening on Load/Save RF Kill Switch Status /dev/rfkill Watch.
Jan 26 10:08:00 moe systemd[1]: Finished Virtual Console Setup.
Jan 26 10:08:00 moe systemd[1]: Starting Load/Save RF Kill Switch Status...
Jan 26 10:08:00 moe systemd[1]: Reached target Sound Card.
Jan 26 10:08:00 moe systemd[1]: Started Load/Save RF Kill Switch Status.
Jan 26 10:08:01 moe systemd[1]: Finished Flush Journal to Persistent Storage.
Jan 26 10:08:01 moe systemd[1]: Starting Create Volatile Files and Directories...
Jan 26 10:08:01 moe kernel: kvm_amd: TSC scaling supported
Jan 26 10:08:01 moe kernel: kvm_amd: Nested Virtualization enabled
Jan 26 10:08:01 moe kernel: kvm_amd: Nested Paging enabled
Jan 26 10:08:01 moe kernel: kvm_amd: LBR virtualization supported
Jan 26 10:08:02 moe kernel: MCE: In-kernel MCE decoding enabled.
Jan 26 10:08:02 moe systemd[1]: Finished Create Volatile Files and Directories.
Jan 26 10:08:02 moe systemd[1]: First Boot Wizard was skipped because of an unmet condition check (ConditionFirstBoot=yes).
Jan 26 10:08:02 moe systemd[1]: First Boot Complete was skipped because of an unmet condition check (ConditionFirstBoot=yes).
Jan 26 10:08:02 moe systemd[1]: Rebuild Journal Catalog was skipped because of an unmet condition check (ConditionNeedsUpdate=/var).
Jan 26 10:08:02 moe systemd[1]: Commit a transient machine-id on disk was skipped because of an unmet condition check (ConditionPathIsMountPoint=/etc/machine-id).
Jan 26 10:08:02 moe systemd[1]: Update is Completed was skipped because no trigger condition checks were met.
Jan 26 10:08:02 moe systemd[1]: Starting Record System Boot/Shutdown in UTMP...
Jan 26 10:08:02 moe systemd[1]: Finished Record System Boot/Shutdown in UTMP.
Jan 26 10:08:02 moe systemd[1]: Reached target System Initialization.
Jan 26 10:08:02 moe systemd[1]: Started Refresh existing PGP keys of archlinux-keyring regularly.
Jan 26 10:08:02 moe systemd[1]: Started Daily verification of password and group files.
Jan 26 10:08:02 moe systemd[1]: Started Daily Cleanup of Temporary Directories.
Jan 26 10:08:02 moe systemd[1]: Reached target Timer Units.
Jan 26 10:08:02 moe systemd[1]: Listening on D-Bus System Message Bus Socket.
Jan 26 10:08:02 moe systemd[1]: Reached target Socket Units.
Jan 26 10:08:02 moe systemd[1]: Starting D-Bus System Message Bus...
Jan 26 10:08:02 moe systemd[1]: TPM2 PCR Barrier (Initialization) was skipped because of an unmet condition check (ConditionSecurity=measured-uki).
Jan 26 10:08:03 moe systemd[1]: Started D-Bus System Message Bus.
Jan 26 10:08:03 moe systemd[1]: Reached target Basic System.
Jan 26 10:08:03 moe systemd[1]: Starting Network Manager...
Jan 26 10:08:03 moe systemd[1]: SSH Key Generation was skipped because no trigger condition checks were met.
Jan 26 10:08:03 moe systemd[1]: Starting User Login Management...
Jan 26 10:08:03 moe systemd[1]: TPM2 PCR Barrier (User) was skipped because of an unmet condition check (ConditionSecurity=measured-uki).
Jan 26 10:08:03 moe systemd[1]: Starting USBGuard daemon...
Jan 26 10:08:03 moe dbus-broker-launch[323]: Ready
Jan 26 10:08:04 moe systemd-logind[326]: New seat seat0.
Jan 26 10:08:04 moe systemd-logind[326]: Watching system buttons on /dev/input/event3 (Power Button)
Jan 26 10:08:04 moe systemd-logind[326]: Watching system buttons on /dev/input/event0 (Power Button)
Jan 26 10:08:04 moe systemd-logind[326]: Watching system buttons on /dev/input/event1 (Lid Switch)
Jan 26 10:08:04 moe systemd-logind[326]: Watching system buttons on /dev/input/event2 (Sleep Button)
Jan 26 10:08:04 moe systemd-logind[326]: Watching system buttons on /dev/input/event7 (AT Translated Set 2 keyboard)
Jan 26 10:08:04 moe systemd[1]: Started User Login Management.
Jan 26 10:08:05 moe NetworkManager[325]: <info>  [1706260085.3642] NetworkManager (version 1.44.2-3) is starting... (boot:e721d9ee-b3ac-4aa0-81ec-561aa85c5801)
Jan 26 10:08:05 moe NetworkManager[325]: <info>  [1706260085.3646] Read config: /etc/NetworkManager/NetworkManager.conf (lib: 20-connectivity.conf)
Jan 26 10:08:05 moe NetworkManager[325]: <info>  [1706260085.6478] manager[0x607a0bfcebf0]: monitoring kernel firmware directory '/lib/firmware'.
Jan 26 10:08:05 moe systemd[1]: Starting Hostname Service...
Jan 26 10:08:05 moe systemd[1]: systemd-rfkill.service: Deactivated successfully.
Jan 26 10:08:06 moe systemd[1]: usbguard.service: Supervising process 345 which is not our child. We'll most likely not notice when it exits.
Jan 26 10:08:06 moe systemd[1]: Started USBGuard daemon.
Jan 26 10:08:06 moe usbguard-daemon[345]: uid=0 pid=327 result='SUCCESS' device.rule='allow id 1d6b:0002 serial "0000:00:12.2" name "EHCI Host Controller" hash "1Hhh+tB7ca6lMe7MhyXLQE90mfq3IHgSx172WPvlkqA=" parent-hash "rLg9Edc6Y5wrS7mTDir27srjkO7QspIfe1VwyBiuTys=" via-port "usb1" with-interface 09:00:00 with-connect-type ""' device.system_name='/devices/pci0000:00/0000:00:12.2/usb1' type='Device.Present'
Jan 26 10:08:06 moe usbguard-daemon[345]: uid=0 pid=327 result='SUCCESS' device.system_name='/devices/pci0000:00/0000:00:12.2/usb1' target.new='allow' device.rule='allow id 1d6b:0002 serial "0000:00:12.2" name "EHCI Host Controller" hash "1Hhh+tB7ca6lMe7MhyXLQE90mfq3IHgSx172WPvlkqA=" parent-hash "rLg9Edc6Y5wrS7mTDir27srjkO7QspIfe1VwyBiuTys=" via-port "usb1" with-interface 09:00:00 with-connect-type ""' target.old='allow' type='Policy.Device.Update'
Jan 26 10:08:06 moe usbguard-daemon[345]: uid=0 pid=327 result='SUCCESS' device.rule='allow id 1d6b:0001 serial "0000:00:12.0" name "OHCI PCI host controller" hash "vim2V1E08y8Kv7eaOuWNwLJHWZvvSxdmDV+KLl+GmrQ=" parent-hash "gM/PMeAGj0a7bm6Lvko9c2aQOQLMY4OLUwFhMNzAABU=" via-port "usb2" with-interface 09:00:00 with-connect-type ""' device.system_name='/devices/pci0000:00/0000:00:12.0/usb2' type='Device.Present'
Jan 26 10:08:06 moe usbguard-daemon[345]: uid=0 pid=327 result='SUCCESS' device.system_name='/devices/pci0000:00/0000:00:12.0/usb2' target.new='allow' device.rule='allow id 1d6b:0001 serial "0000:00:12.0" name "OHCI PCI host controller" hash "vim2V1E08y8Kv7eaOuWNwLJHWZvvSxdmDV+KLl+GmrQ=" parent-hash "gM/PMeAGj0a7bm6Lvko9c2aQOQLMY4OLUwFhMNzAABU=" via-port "usb2" with-interface 09:00:00 with-connect-type ""' target.old='allow' type='Policy.Device.Update'
Jan 26 10:08:06 moe usbguard-daemon[345]: uid=0 pid=327 result='SUCCESS' device.rule='allow id 1d6b:0001 serial "0000:00:13.0" name "OHCI PCI host controller" hash "0VYrYCBDzRCGfbMeLzHxAkU9sOguUCEr9i/hi6tlBa0=" parent-hash "F1ehzu4AolCV63rmqU+5F7LbtDGa287Kvsa632F3JQU=" via-port "usb3" with-interface 09:00:00 with-connect-type ""' device.system_name='/devices/pci0000:00/0000:00:13.0/usb3' type='Device.Present'
Jan 26 10:08:06 moe usbguard-daemon[345]: uid=0 pid=327 result='SUCCESS' device.system_name='/devices/pci0000:00/0000:00:13.0/usb3' target.new='allow' device.rule='allow id 1d6b:0001 serial "0000:00:13.0" name "OHCI PCI host controller" hash "0VYrYCBDzRCGfbMeLzHxAkU9sOguUCEr9i/hi6tlBa0=" parent-hash "F1ehzu4AolCV63rmqU+5F7LbtDGa287Kvsa632F3JQU=" via-port "usb3" with-interface 09:00:00 with-connect-type ""' target.old='allow' type='Policy.Device.Update'
Jan 26 10:08:06 moe usbguard-daemon[345]: uid=0 pid=327 result='SUCCESS' device.rule='allow id 1d6b:0002 serial "0000:00:13.2" name "EHCI Host Controller" hash "rHWt/jgO05HDfpDAqGXNpulnEfTpTBRrou94s9M19p0=" parent-hash "XgE+3kb2ZhgOb/Gi2SkpbGgebJC1Q2YU/DC4Wt9Culg=" via-port "usb4" with-interface 09:00:00 with-connect-type ""' device.system_name='/devices/pci0000:00/0000:00:13.2/usb4' type='Device.Present'
Jan 26 10:08:06 moe usbguard-daemon[345]: uid=0 pid=327 result='SUCCESS' device.system_name='/devices/pci0000:00/0000:00:13.2/usb4' target.new='allow' device.rule='allow id 1d6b:0002 serial "0000:00:13.2" name "EHCI Host Controller" hash "rHWt/jgO05HDfpDAqGXNpulnEfTpTBRrou94s9M19p0=" parent-hash "XgE+3kb2ZhgOb/Gi2SkpbGgebJC1Q2YU/DC4Wt9Culg=" via-port "usb4" with-interface 09:00:00 with-connect-type ""' target.old='allow' type='Policy.Device.Update'
Jan 26 10:08:06 moe usbguard-daemon[345]: uid=0 pid=327 result='SUCCESS' device.rule='allow id 1d6b:0002 serial "0000:00:10.0" name "xHCI Host Controller" hash "OaNuvSNaOeze6zHErZKy1muRIivxiCQTz+wD9DK+gzo=" parent-hash "OThicV0EnTs8gI7/SvsVXX81NPpBlPsZqjrTDctn0Ek=" via-port "usb5" with-interface 09:00:00 with-connect-type ""' device.system_name='/devices/pci0000:00/0000:00:10.0/usb5' type='Device.Present'
Jan 26 10:08:06 moe usbguard-daemon[345]: uid=0 pid=327 result='SUCCESS' device.system_name='/devices/pci0000:00/0000:00:10.0/usb5' target.new='allow' device.rule='allow id 1d6b:0002 serial "0000:00:10.0" name "xHCI Host Controller" hash "OaNuvSNaOeze6zHErZKy1muRIivxiCQTz+wD9DK+gzo=" parent-hash "OThicV0EnTs8gI7/SvsVXX81NPpBlPsZqjrTDctn0Ek=" via-port "usb5" with-interface 09:00:00 with-connect-type ""' target.old='allow' type='Policy.Device.Update'
Jan 26 10:08:06 moe usbguard-daemon[345]: uid=0 pid=327 result='SUCCESS' device.rule='allow id 1d6b:0003 serial "0000:00:10.0" name "xHCI Host Controller" hash "eRz6hSAVxBdVKVB2J7+rHiwYKcJPWodv+QLcOqlHUpk=" parent-hash "OThicV0EnTs8gI7/SvsVXX81NPpBlPsZqjrTDctn0Ek=" via-port "usb6" with-interface 09:00:00 with-connect-type ""' device.system_name='/devices/pci0000:00/0000:00:10.0/usb6' type='Device.Present'
Jan 26 10:08:06 moe usbguard-daemon[345]: uid=0 pid=327 result='SUCCESS' device.system_name='/devices/pci0000:00/0000:00:10.0/usb6' target.new='allow' device.rule='allow id 1d6b:0003 serial "0000:00:10.0" name "xHCI Host Controller" hash "eRz6hSAVxBdVKVB2J7+rHiwYKcJPWodv+QLcOqlHUpk=" parent-hash "OThicV0EnTs8gI7/SvsVXX81NPpBlPsZqjrTDctn0Ek=" via-port "usb6" with-interface 09:00:00 with-connect-type ""' target.old='allow' type='Policy.Device.Update'
Jan 26 10:08:06 moe usbguard-daemon[345]: uid=0 pid=327 result='SUCCESS' device.rule='allow id 1221:3234 serial "100010000000367D" name "Flash Disk" hash "4tes9SW87bZb5sw2/Txjn9+2GgttzMFGEojTOvfT2c4=" parent-hash "1Hhh+tB7ca6lMe7MhyXLQE90mfq3IHgSx172WPvlkqA=" via-port "1-1" with-interface 08:06:50 with-connect-type "hotplug"' device.system_name='/devices/pci0000:00/0000:00:12.2/usb1/1-1' type='Device.Present'
Jan 26 10:08:06 moe systemd[1]: Started Hostname Service.
Jan 26 10:08:06 moe usbguard-daemon[345]: uid=0 pid=327 result='SUCCESS' device.system_name='/devices/pci0000:00/0000:00:12.2/usb1/1-1' target.new='block' device.rule='allow id 1221:3234 serial "100010000000367D" name "Flash Disk" hash "4tes9SW87bZb5sw2/Txjn9+2GgttzMFGEojTOvfT2c4=" parent-hash "1Hhh+tB7ca6lMe7MhyXLQE90mfq3IHgSx172WPvlkqA=" via-port "1-1" with-interface 08:06:50 with-connect-type "hotplug"' target.old='allow' type='Policy.Device.Update'
Jan 26 10:08:06 moe usbguard-daemon[345]: uid=0 pid=327 result='SUCCESS' device.rule='allow id 03eb:843d serial "" name "Atmel maXTouch Digitizer" hash "4Fwn8OjYoraFsxYq2Z74K/ZepD3c6jrHQ3T/x8LPkCM=" parent-hash "0VYrYCBDzRCGfbMeLzHxAkU9sOguUCEr9i/hi6tlBa0=" via-port "3-1" with-interface { 03:00:00 03:00:00 } with-connect-type "hardwired"' device.system_name='/devices/pci0000:00/0000:00:13.0/usb3/3-1' type='Device.Present'
Jan 26 10:08:06 moe NetworkManager[325]: <info>  [1706260086.1372] hostname: hostname: using hostnamed
Jan 26 10:08:06 moe NetworkManager[325]: <info>  [1706260086.1377] hostname: static hostname changed from (none) to "moe"
Jan 26 10:08:06 moe NetworkManager[325]: <info>  [1706260086.1471] dns-mgr: init: dns=default,systemd-resolved rc-manager=symlink
Jan 26 10:08:06 moe NetworkManager[325]: <info>  [1706260086.1522] rfkill0: found Wi-Fi radio killswitch (at /sys/devices/pci0000:00/0000:00:02.2/0000:01:00.0/ieee80211/phy0/rfkill0) (driver ath9k)
Jan 26 10:08:06 moe NetworkManager[325]: <info>  [1706260086.1531] manager[0x607a0bfcebf0]: rfkill: Wi-Fi hardware radio set enabled
Jan 26 10:08:06 moe NetworkManager[325]: <info>  [1706260086.1532] manager[0x607a0bfcebf0]: rfkill: WWAN hardware radio set enabled
Jan 26 10:08:06 moe usbguard-daemon[345]: uid=0 pid=327 result='SUCCESS' device.system_name='/devices/pci0000:00/0000:00:13.0/usb3/3-1' target.new='block' device.rule='allow id 03eb:843d serial "" name "Atmel maXTouch Digitizer" hash "4Fwn8OjYoraFsxYq2Z74K/ZepD3c6jrHQ3T/x8LPkCM=" parent-hash "0VYrYCBDzRCGfbMeLzHxAkU9sOguUCEr9i/hi6tlBa0=" via-port "3-1" with-interface { 03:00:00 03:00:00 } with-connect-type "hardwired"' target.old='allow' type='Policy.Device.Update'
Jan 26 10:08:06 moe usbguard-daemon[345]: uid=0 pid=327 result='SUCCESS' device.rule='allow id 04f2:b404 serial "0x0001" name "USB2.0 HD UVC WebCam" hash "QCIh5YJVbtyVPRTcnMNq+nvvlzPc+1oNGF73yBqPP38=" parent-hash "rHWt/jgO05HDfpDAqGXNpulnEfTpTBRrou94s9M19p0=" via-port "4-3" with-interface { 0e:01:00 0e:02:00 0e:02:00 0e:02:00 0e:02:00 0e:02:00 0e:02:00 0e:02:00 0e:02:00 } with-connect-type "not used"' device.system_name='/devices/pci0000:00/0000:00:13.2/usb4/4-3' type='Device.Present'
Jan 26 10:08:06 moe NetworkManager[325]: <info>  [1706260086.3524] Loaded device plugin: NMWifiFactory (/usr/lib/NetworkManager/1.44.2-3/libnm-device-plugin-wifi.so)
Jan 26 10:08:06 moe NetworkManager[325]: <info>  [1706260086.3657] Loaded device plugin: NMOvsFactory (/usr/lib/NetworkManager/1.44.2-3/libnm-device-plugin-ovs.so)
Jan 26 10:08:06 moe usbguard-daemon[345]: uid=0 pid=327 result='SUCCESS' device.system_name='/devices/pci0000:00/0000:00:13.2/usb4/4-3' target.new='block' device.rule='allow id 04f2:b404 serial "0x0001" name "USB2.0 HD UVC WebCam" hash "QCIh5YJVbtyVPRTcnMNq+nvvlzPc+1oNGF73yBqPP38=" parent-hash "rHWt/jgO05HDfpDAqGXNpulnEfTpTBRrou94s9M19p0=" via-port "4-3" with-interface { 0e:01:00 0e:02:00 0e:02:00 0e:02:00 0e:02:00 0e:02:00 0e:02:00 0e:02:00 0e:02:00 } with-connect-type "not used"' target.old='allow' type='Policy.Device.Update'
Jan 26 10:08:06 moe usbguard-daemon[345]: Cannot resolve realpath for /sys/bus/usb/devices/../../../devices/pci0000:00/0000:00:12.2/usb1/1-1/1-1:1.0
Jan 26 10:08:06 moe usbguard-daemon[345]: Cannot resolve realpath for /sys/bus/usb/devices/../../../devices/pci0000:00/0000:00:13.0/usb3/3-1/3-1:1.0
Jan 26 10:08:06 moe usbguard-daemon[345]: Cannot resolve realpath for /sys/bus/usb/devices/../../../devices/pci0000:00/0000:00:13.0/usb3/3-1/3-1:1.1
Jan 26 10:08:06 moe usbguard-daemon[345]: Cannot resolve realpath for /sys/bus/usb/devices/../../../devices/pci0000:00/0000:00:13.2/usb4/4-3/4-3:1.0
Jan 26 10:08:06 moe usbguard-daemon[345]: Cannot resolve realpath for /sys/bus/usb/devices/../../../devices/pci0000:00/0000:00:13.2/usb4/4-3/4-3:1.1
Jan 26 10:08:06 moe usbguard-daemon[345]: Ignoring unknown UEvent action: sysfs_devpath=/devices/pci0000:00/0000:00:13.0/usb3/3-1 action=change
Jan 26 10:08:06 moe NetworkManager[325]: <info>  [1706260086.4558] Loaded device plugin: NMWwanFactory (/usr/lib/NetworkManager/1.44.2-3/libnm-device-plugin-wwan.so)
Jan 26 10:08:06 moe NetworkManager[325]: <info>  [1706260086.9668] Loaded device plugin: NMTeamFactory (/usr/lib/NetworkManager/1.44.2-3/libnm-device-plugin-team.so)
Jan 26 10:08:06 moe NetworkManager[325]: <info>  [1706260086.9820] Loaded device plugin: NMAtmManager (/usr/lib/NetworkManager/1.44.2-3/libnm-device-plugin-adsl.so)
Jan 26 10:08:07 moe NetworkManager[325]: <info>  [1706260087.0134] Loaded device plugin: NMBluezManager (/usr/lib/NetworkManager/1.44.2-3/libnm-device-plugin-bluetooth.so)
Jan 26 10:08:07 moe NetworkManager[325]: <info>  [1706260087.0151] manager: rfkill: Wi-Fi enabled by radio killswitch; enabled by state file
Jan 26 10:08:07 moe NetworkManager[325]: <info>  [1706260087.0156] manager: rfkill: WWAN enabled by radio killswitch; enabled by state file
Jan 26 10:08:07 moe NetworkManager[325]: <info>  [1706260087.0160] manager: Networking is enabled by state file
Jan 26 10:08:07 moe NetworkManager[325]: <info>  [1706260087.0319] settings: Loaded settings plugin: keyfile (internal)
Jan 26 10:08:07 moe systemd[1]: Starting Network Manager Script Dispatcher Service...
Jan 26 10:08:07 moe NetworkManager[325]: <info>  [1706260087.1695] dhcp: init: Using DHCP client 'internal'
Jan 26 10:08:07 moe NetworkManager[325]: <info>  [1706260087.1709] manager: (lo): new Loopback device (/org/freedesktop/NetworkManager/Devices/1)
Jan 26 10:08:07 moe NetworkManager[325]: <info>  [1706260087.1770] device (lo): state change: unmanaged -> unavailable (reason 'connection-assumed', sys-iface-state: 'external')
Jan 26 10:08:07 moe NetworkManager[325]: <info>  [1706260087.1790] device (lo): state change: unavailable -> disconnected (reason 'connection-assumed', sys-iface-state: 'external')
Jan 26 10:08:07 moe NetworkManager[325]: <info>  [1706260087.1821] device (lo): Activation: starting connection 'lo' (bdd5e5e0-d6c7-4a90-aa9a-1129c41437a3)
Jan 26 10:08:07 moe NetworkManager[325]: <info>  [1706260087.1862] manager: (enp2s0): new Ethernet device (/org/freedesktop/NetworkManager/Devices/2)
Jan 26 10:08:07 moe NetworkManager[325]: <info>  [1706260087.1914] settings: (enp2s0): created default wired connection 'Wired connection 1'
Jan 26 10:08:07 moe NetworkManager[325]: <info>  [1706260087.1916] device (enp2s0): state change: unmanaged -> unavailable (reason 'managed', sys-iface-state: 'external')
Jan 26 10:08:07 moe systemd[1]: Started Network Manager Script Dispatcher Service.
Jan 26 10:08:07 moe kernel: RTL8208 Fast Ethernet r8169-0-200:00: attached PHY driver (mii_bus:phy_addr=r8169-0-200:00, irq=MAC)
Jan 26 10:08:07 moe kernel: r8169 0000:02:00.0 enp2s0: Link is Down
Jan 26 10:08:07 moe NetworkManager[325]: <info>  [1706260087.6737] device (wlp1s0): driver supports Access Point (AP) mode
Jan 26 10:08:07 moe NetworkManager[325]: <info>  [1706260087.6768] manager: (wlp1s0): new 802.11 Wi-Fi device (/org/freedesktop/NetworkManager/Devices/3)
Jan 26 10:08:07 moe NetworkManager[325]: <info>  [1706260087.6789] device (wlp1s0): state change: unmanaged -> unavailable (reason 'managed', sys-iface-state: 'external')
Jan 26 10:08:07 moe NetworkManager[325]: <info>  [1706260087.7255] device (wlp1s0): set-hw-addr: set MAC address to 52:72:7D:DD:34:80 (scanning)
Jan 26 10:08:07 moe NetworkManager[325]: <info>  [1706260087.7476] bus-manager: acquired D-Bus service "org.freedesktop.NetworkManager"
Jan 26 10:08:07 moe systemd[1]: Started Network Manager.
Jan 26 10:08:07 moe NetworkManager[325]: <info>  [1706260087.8289] ovsdb: disconnected from ovsdb
Jan 26 10:08:07 moe NetworkManager[325]: <info>  [1706260087.8296] device (lo): state change: disconnected -> prepare (reason 'none', sys-iface-state: 'external')
